[    0.000000] Linux version 4.15.0-47-generic (buildd@lgw01-amd64-001) (gcc version 7.3.0 (Ubuntu 7.3.0-16ubuntu3)) #50-Ubuntu SMP Wed Mar 13 10:44:52 UTC 2019 (Ubuntu 4.15.0-47.50-generic 4.15.18)
[    0.000000] Command line: BOOT_IMAGE=/boot/vmlinuz-4.15.0-47-generic root=LABEL=cloudimg-rootfs ro console=tty1 console=ttyS0
[    0.000000] KERNEL supported cpus:
[    0.000000]   Intel GenuineIntel
[    0.000000]   AMD AuthenticAMD
[    0.000000]   Centaur CentaurHauls
[    0.000000] x86/fpu: Supporting XSAVE feature 0x001: 'x87 floating point registers'
[    0.000000] x86/fpu: Supporting XSAVE feature 0x002: 'SSE registers'
[    0.000000] x86/fpu: Supporting XSAVE feature 0x004: 'AVX registers'
[    0.000000] x86/fpu: xstate_offset[2]:  576, xstate_sizes[2]:  256
[    0.000000] x86/fpu: Enabled xstate features 0x7, context size is 832 bytes, using 'standard' format.
[    0.000000] e820: BIOS-provided physical RAM map:
[    0.000000] BIOS-e820: [mem 0x0000000000000000-0x000000000009fbff] usable
[    0.000000] BIOS-e820: [mem 0x000000000009fc00-0x000000000009ffff] reserved
[    0.000000] BIOS-e820: [mem 0x00000000000f0000-0x00000000000fffff] reserved
[    0.000000] BIOS-e820: [mem 0x0000000000100000-0x000000003ffeffff] usable
[    0.000000] BIOS-e820: [mem 0x000000003fff0000-0x000000003fffffff] ACPI data
[    0.000000] BIOS-e820: [mem 0x00000000fec00000-0x00000000fec00fff] reserved
[    0.000000] BIOS-e820: [mem 0x00000000fee00000-0x00000000fee00fff] reserved
[    0.000000] BIOS-e820: [mem 0x00000000fffc0000-0x00000000ffffffff] reserved
[    0.000000] NX (Execute Disable) protection: active
[    0.000000] SMBIOS 2.5 present.
[    0.000000] DMI: innotek GmbH VirtualBox/VirtualBox, BIOS VirtualBox 12/01/2006
[    0.000000] Hypervisor detected: KVM
[    0.000000] e820: last_pfn = 0x3fff0 max_arch_pfn = 0x400000000
[    0.000000] MTRR: Disabled
[    0.000000] x86/PAT: MTRRs disabled, skipping PAT initialization too.
[    0.000000] CPU MTRRs all blank - virtualized system.
[    0.000000] x86/PAT: Configuration [0-7]: WB  WT  UC- UC  WB  WT  UC- UC  
[    0.000000] found SMP MP-table at [mem 0x0009fff0-0x0009ffff] mapped at [        (ptrval)]
[    0.000000] Scanning 1 areas for low memory corruption
[    0.000000] RAMDISK: [mem 0x35add000-0x36d65fff]
[    0.000000] ACPI: Early table checksum verification disabled
[    0.000000] ACPI: RSDP 0x00000000000E0000 000024 (v02 VBOX  )
[    0.000000] ACPI: XSDT 0x000000003FFF0030 00003C (v01 VBOX   VBOXXSDT 00000001 ASL  00000061)
[    0.000000] ACPI: FACP 0x000000003FFF00F0 0000F4 (v04 VBOX   VBOXFACP 00000001 ASL  00000061)
[    0.000000] ACPI: DSDT 0x000000003FFF0470 0021FF (v02 VBOX   VBOXBIOS 00000002 INTL 20180105)
[    0.000000] ACPI: FACS 0x000000003FFF0200 000040
[    0.000000] ACPI: FACS 0x000000003FFF0200 000040
[    0.000000] ACPI: APIC 0x000000003FFF0240 00005C (v02 VBOX   VBOXAPIC 00000001 ASL  00000061)
[    0.000000] ACPI: SSDT 0x000000003FFF02A0 0001CC (v01 VBOX   VBOXCPUT 00000002 INTL 20180105)
[    0.000000] No NUMA configuration found
[    0.000000] Faking a node at [mem 0x0000000000000000-0x000000003ffeffff]
[    0.000000] NODE_DATA(0) allocated [mem 0x3ffc5000-0x3ffeffff]
[    0.000000] kvm-clock: cpu 0, msr 0:3ff44001, primary cpu clock
[    0.000000] kvm-clock: Using msrs 4b564d01 and 4b564d00
[    0.000000] kvm-clock: using sched offset of 3389044246 cycles
[    0.000000] clocksource: kvm-clock: mask: 0xffffffffffffffff max_cycles: 0x1cd42e4dffb, max_idle_ns: 881590591483 ns
[    0.000000] Zone ranges:
[    0.000000]   DMA      [mem 0x0000000000001000-0x0000000000ffffff]
[    0.000000]   DMA32    [mem 0x0000000001000000-0x000000003ffeffff]
[    0.000000]   Normal   empty
[    0.000000]   Device   empty
[    0.000000] Movable zone start for each node
[    0.000000] Early memory node ranges
[    0.000000]   node   0: [mem 0x0000000000001000-0x000000000009efff]
[    0.000000]   node   0: [mem 0x0000000000100000-0x000000003ffeffff]
[    0.000000] Reserved but unavailable: 114 pages
[    0.000000] Initmem setup node 0 [mem 0x0000000000001000-0x000000003ffeffff]
[    0.000000] ACPI: PM-Timer IO Port: 0x4008
[    0.000000] IOAPIC[0]: apic_id 2, version 32, address 0xfec00000, GSI 0-23
[    0.000000] ACPI: INT_SRC_OVR (bus 0 bus_irq 0 global_irq 2 dfl dfl)
[    0.000000] ACPI: INT_SRC_OVR (bus 0 bus_irq 9 global_irq 9 low level)
[    0.000000] Using ACPI (MADT) for SMP configuration information
[    0.000000] smpboot: Allowing 2 CPUs, 0 hotplug CPUs
[    0.000000] PM: Registered nosave memory: [mem 0x00000000-0x00000fff]
[    0.000000] PM: Registered nosave memory: [mem 0x0009f000-0x0009ffff]
[    0.000000] PM: Registered nosave memory: [mem 0x000a0000-0x000effff]
[    0.000000] PM: Registered nosave memory: [mem 0x000f0000-0x000fffff]
[    0.000000] e820: [mem 0x40000000-0xfebfffff] available for PCI devices
[    0.000000] Booting paravirtualized kernel on KVM
[    0.000000] clocksource: refined-jiffies: mask: 0xffffffff max_cycles: 0xffffffff, max_idle_ns: 7645519600211568 ns
[    0.000000] random: get_random_bytes called from start_kernel+0x99/0x4fd with crng_init=0
[    0.000000] setup_percpu: NR_CPUS:8192 nr_cpumask_bits:2 nr_cpu_ids:2 nr_node_ids:1
[    0.000000] percpu: Embedded 46 pages/cpu @        (ptrval) s151552 r8192 d28672 u1048576
[    0.000000] PV qspinlock hash table entries: 256 (order: 0, 4096 bytes)
[    0.000000] Built 1 zonelists, mobility grouping on.  Total pages: 257913
[    0.000000] Policy zone: DMA32
[    0.000000] Kernel command line: BOOT_IMAGE=/boot/vmlinuz-4.15.0-47-generic root=LABEL=cloudimg-rootfs ro console=tty1 console=ttyS0
[    0.000000] Memory: 983604K/1048120K available (12300K kernel code, 2473K rwdata, 4252K rodata, 2408K init, 2416K bss, 64516K reserved, 0K cma-reserved)
[    0.000000] SLUB: HWalign=64, Order=0-3, MinObjects=0, CPUs=2, Nodes=1
[    0.000000] Kernel/User page tables isolation: enabled
[    0.000000] ftrace: allocating 39206 entries in 154 pages
[    0.004000] Hierarchical RCU implementation.
[    0.004000] 	RCU restricting CPUs from NR_CPUS=8192 to nr_cpu_ids=2.
[    0.004000] 	Tasks RCU enabled.
[    0.004000] RCU: Adjusting geometry for rcu_fanout_leaf=16, nr_cpu_ids=2
[    0.004000] NR_IRQS: 524544, nr_irqs: 440, preallocated irqs: 16
[    0.004000] Console: colour VGA+ 80x25
[    0.004000] console [tty1] enabled
[    0.004000] console [ttyS0] enabled
[    0.004000] ACPI: Core revision 20170831
[    0.004000] ACPI: 2 ACPI AML tables successfully acquired and loaded
[    0.004000] APIC: Switch to symmetric I/O mode setup
[    0.004000] x2apic enabled
[    0.004000] Switched APIC routing to physical x2apic.
[    0.004000] ..TIMER: vector=0x30 apic1=0 pin1=2 apic2=-1 pin2=-1
[    0.004005] tsc: Detected 2496.000 MHz processor
[    0.004793] Calibrating delay loop (skipped) preset value.. 4992.00 BogoMIPS (lpj=9984000)
[    0.005406] pid_max: default: 32768 minimum: 301
[    0.006266] Security Framework initialized
[    0.008004] Yama: becoming mindful.
[    0.008681] AppArmor: AppArmor initialized
[    0.010002] Dentry cache hash table entries: 131072 (order: 8, 1048576 bytes)
[    0.011280] Inode-cache hash table entries: 65536 (order: 7, 524288 bytes)
[    0.012026] Mount-cache hash table entries: 2048 (order: 2, 16384 bytes)
[    0.013363] Mountpoint-cache hash table entries: 2048 (order: 2, 16384 bytes)
[    0.015057] mce: CPU supports 0 MCE banks
[    0.016022] Last level iTL entries: 4KB 64, 2MB 8, 4MB 8
[    0.020007] Last level dTLB entries: 4KB 64, 2MB 0, 4MB 0, 1GB 4
[    0.021207] Spectre V2 : Mitigation: Full generic retpoline
[    0.022322] Spectre V2 : Spectre v2 / SpectreRSB mitigation: Filling RSB on context switch
[    0.024003] Speculative Store Bypass: Vulnerable
[    0.025091] Freeing SMP alternatives memory: 36K
[    0.032000] smpboot: CPU0: Intel(R) Core(TM) i5-6300U CPU @ 2.40GHz (family: 0x6, model: 0x4e, stepping: 0x3)
[    0.032110] Performance Events: unsupported p6 CPU model 78 no PMU driver, software events only.
[    0.036051] Hierarchical SRCU implementation.
[    0.037713] NMI watchdog: Perf event create on CPU 0 failed with -2
[    0.040004] NMI watchdog: Perf NMI watchdog permanently disabled
[    0.041273] smp: Bringing up secondary CPUs ...
[    0.042331] x86: Booting SMP configuration:
[    0.043223] .... node  #0, CPUs:      #1
[    0.004000] kvm-clock: cpu 1, msr 0:3ff44041, secondary cpu clock
[    0.004000] mce: CPU supports 0 MCE banks
[    0.062127] smp: Brought up 1 node, 2 CPUs
[    0.062127] smpboot: Max logical packages: 1
[    0.064012] smpboot: Total of 2 processors activated (9984.00 BogoMIPS)
[    0.065516] devtmpfs: initialized
[    0.065516] x86/mm: Memory block size: 128MB
[    0.068214] evm: security.selinux
[    0.068954] evm: security.SMACK64
[    0.069671] evm: security.SMACK64EXEC
[    0.070475] evm: security.SMACK64TRANSMUTE
[    0.071336] evm: security.SMACK64MMAP
[    0.072005] evm: security.apparmor
[    0.072765] evm: security.ima
[    0.076011] evm: security.capability
[    0.076876] clocksource: jiffies: mask: 0xffffffff max_cycles: 0xffffffff, max_idle_ns: 7645041785100000 ns
[    0.080026] futex hash table entries: 512 (order: 3, 32768 bytes)
[    0.084085] pinctrl core: initialized pinctrl subsystem
[    0.092096] RTC time:  9:50:09, date: 04/16/19
[    0.092983] NET: Registered protocol family 16
[    0.093752] audit: initializing netlink subsys (disabled)
[    0.094630] audit: type=2000 audit(1555408214.410:1): state=initialized audit_enabled=0 res=1
[    0.096012] cpuidle: using governor ladder
[    0.098746] cpuidle: using governor menu
[    0.099417] ACPI: bus type PCI registered
[    0.100004] acpiphp: ACPI Hot Plug PCI Controller Driver version: 0.5
[    0.103128] PCI: Using configuration type 1 for base access
[    0.105044] HugeTLB registered 2.00 MiB page size, pre-allocated 0 pages
[    0.105106] ACPI: Added _OSI(Module Device)
[    0.105106] ACPI: Added _OSI(Processor Device)
[    0.108012] ACPI: Added _OSI(3.0 _SCP Extensions)
[    0.112009] ACPI: Added _OSI(Processor Aggregator Device)
[    0.116004] ACPI: Added _OSI(Linux-Dell-Video)
[    0.116678] ACPI: Added _OSI(Linux-Lenovo-NV-HDMI-Audio)
[    0.117481] ACPI: Added _OSI(Linux-HPI-Hybrid-Graphics)
[    0.118541] ACPI: Executed 1 blocks of module-level executable AML code
[    0.126592] ACPI: Interpreter enabled
[    0.127214] ACPI: (supports S0 S5)
[    0.127765] ACPI: Using IOAPIC for interrupt routing
[    0.128271] PCI: Using host bridge windows from ACPI; if necessary, use "pci=nocrs" and report a bug
[    0.129806] ACPI: Enabled 2 GPEs in block 00 to 07
[    0.136000] ACPI: PCI Root Bridge [PCI0] (domain 0000 [bus 00-ff])
[    0.136011] acpi PNP0A03:00: _OSC: OS supports [ASPM ClockPM Segments MSI]
[    0.137067] acpi PNP0A03:00: _OSC: not requesting OS control; OS requires [ExtendedConfig ASPM ClockPM MSI]
[    0.140015] acpi PNP0A03:00: fail to add MMCONFIG information, can't access extended PCI configuration space under this bridge.
[    0.144393] PCI host bridge to bus 0000:00
[    0.145122] pci_bus 0000:00: root bus resource [io  0x0000-0x0cf7 window]
[    0.146069] pci_bus 0000:00: root bus resource [io  0x0d00-0xffff window]
[    0.148005] pci_bus 0000:00: root bus resource [mem 0x000a0000-0x000bffff window]
[    0.149101] pci_bus 0000:00: root bus resource [mem 0x40000000-0xfdffffff window]
[    0.150247] pci_bus 0000:00: root bus resource [bus 00-ff]
[    0.153381] pci 0000:00:01.1: legacy IDE quirk: reg 0x10: [io  0x01f0-0x01f7]
[    0.154486] pci 0000:00:01.1: legacy IDE quirk: reg 0x14: [io  0x03f6]
[    0.155630] pci 0000:00:01.1: legacy IDE quirk: reg 0x18: [io  0x0170-0x0177]
[    0.156008] pci 0000:00:01.1: legacy IDE quirk: reg 0x1c: [io  0x0376]
[    0.182480] pci 0000:00:07.0: quirk: [io  0x4000-0x403f] claimed by PIIX4 ACPI
[    0.184021] pci 0000:00:07.0: quirk: [io  0x4100-0x410f] claimed by PIIX4 SMB
[    0.197437] ACPI: PCI Interrupt Link [LNKA] (IRQs 5 9 10 *11)
[    0.200528] ACPI: PCI Interrupt Link [LNKB] (IRQs 5 9 *10 11)
[    0.202707] ACPI: PCI Interrupt Link [LNKC] (IRQs 5 *9 10 11)
[    0.208062] ACPI: PCI Interrupt Link [LNKD] (IRQs 5 9 10 *11)
[    0.209664] SCSI subsystem initialized
[    0.210480] pci 0000:00:02.0: vgaarb: setting as boot VGA device
[    0.212000] pci 0000:00:02.0: vgaarb: VGA device added: decodes=io+mem,owns=io+mem,locks=none
[    0.212017] pci 0000:00:02.0: vgaarb: bridge control possible
[    0.216015] vgaarb: loaded
[    0.216516] ACPI: bus type USB registered
[    0.217262] usbcore: registered new interface driver usbfs
[    0.218205] usbcore: registered new interface driver hub
[    0.220030] usbcore: registered new device driver usb
[    0.224079] EDAC MC: Ver: 3.0.0
[    0.228081] PCI: Using ACPI for IRQ routing
[    0.228976] NetLabel: Initializing
[    0.229537] NetLabel:  domain hash size = 128
[    0.230256] NetLabel:  protocols = UNLABELED CIPSOv4 CALIPSO
[    0.231097] NetLabel:  unlabeled traffic allowed by default
[    0.232089] clocksource: Switched to clocksource kvm-clock
[    0.243407] VFS: Disk quotas dquot_6.6.0
[    0.249616] VFS: Dquot-cache hash table entries: 512 (order 0, 4096 bytes)
[    0.251142] AppArmor: AppArmor Filesystem Enabled
[    0.252167] pnp: PnP ACPI init
[    0.253860] pnp: PnP ACPI: found 3 devices
[   0.262966] cloksur: pim:as 0ffff max_cycles: 0xffffff, max_idle_ns: 2085701024 ns
[    0.65583] T:Registered protocol mily 2

[    0.805253] TCP established hash table entries: 8192 (order: 4, 65536 bytes)
[    0.845718] TCP bind hash table entries: 8192 (order: 5, 131072 bytes)
[    0.848932] TCP: Hash tables configured (established 8192 bind 8192)
[    0.850046] UDP hash table entries: 512 (order: 2, 16384 bytes)
[    0.850892] UDP-Lite hash table entries: 512 (ordr:, 38byes)
[    1.044408] NET: Registered protocol family 1
[    1.045158] pci 0000:00:00.0: Limiting direct PCI/PCI transfers
[    1.051306] pci 0000:00:01.0: Activating ISA DMA hang workarounds
[    1.052245] pci 0000:00:02.0: Video device with shadowed ROM at [mem 0x000c0000-0x000dffff]
[    1.053540] Unpacking initramfs...
[    1.330013] Freeing initrd memory: 18980K
[    1.340887] platform rtc_cmos: registered platform RTC device (no PNP device found)
[    1.342504] Scanning for low memory corruption every 60 seconds
[    1.344192] Initialise system trusted keyrings
[    1.351512] Key type blacklist registered
[    1.352315] workingset: timestamp_bits=36 max_order=18 bucket_order=0
[    1.354254] zbud: loaded
[    1.360852] squashfs: version 4.0 (2009/01/31) Phillip Lougher
[    1.361932] fuse init (API version 7.26)
[    1.366760] Key type asymmetric registered
[    1.372689] Asymmetric key parser 'x509' registered
[    1.373486] Block layer SCSI generic (bsg) driver version 0.4 loaded (major 246)
[    1.376208] io scheduler noop registered
[    1.380569] io scheduler deadline registered
[    1.384895] io scheduler cfq registered (default)
[    1.386215] ACPI: AC Adapter [AC] (on-line)
[    1.393404] input: Power Button as /devices/LNXSYSTM:00/LNXPWRBN:00/input/input0
[    1.395938] ACPI: Power Button [PWRF]
[    1.404706] input: Sleep Button as /devices/LNXSYSTM:00/LNXSLPBN:00/input/input1
[    1.405888] ACPI: Sleep Button [SLPF]
[    1.407581] ACPI: Battery Slot [BAT0] (battery present)
[    1.413892] Serial: 8250/16550 driver, 32 ports, IRQ sharing enabled
[    1.437075] 00:02: ttyS0 at I/O 0x3f8 (irq = 4, base_baud = 115200) is a 16550A
[    1.443824] Linux agpgart interface v0.103
[    1.451334] loop: module loaded
[    1.452562] scsi host0: ata_piix
[    1.453380] scsi host1: ata_piix
[    1.454013] ata1: PATA max UDMA/33 cmd 0x1f0 ctl 0x3f6 bmdma 0xd000 irq 14
[    1.454984] ata2: PATA max UDMA/33 cmd 0x170 ctl 0x376 bmdma 0xd008 irq 15
[    1.456447] libphy: Fixed MDIO Bus: probed
[    1.457194] tun: Universal TUN/TAP device driver, 1.6
[    1.458158] PPP generic driver version 2.4.2
[    1.459045] ehci_hcd: USB 2.0 'Enhanced' Host Controller (EHCI) Driver
[    1.460062] ehci-pci: EHCI PCI platform driver
[    1.460742] ehci-platform: EHCI generic platform driver
[    1.461509] ohci_hcd: USB 1.1 'Open' Host Controller (OHCI) Driver
[    1.462425] ohci-pci: OHCI PCI platform driver
[    1.463097] ohci-platform: OHCI generic platform driver
[    1.463872] uhci_hcd: USB Universal Host Controller Interface driver
[    1.465000] i8042: PNP: PS/2 Controller [PNP0303:PS2K,PNP0f03:PS2M] at 0x60,0x64 irq 1,12
[    1.471667] serio: i8042 KBD port at 0x60,0x64 irq 1
[    1.472556] serio: i8042 AUX port at 0x60,0x64 irq 12
[    1.473626] mousedev: PS/2 mouse device common for all mice
[    1.475207] input: AT Translated Set 2 keyboard as /devices/platform/i8042/serio0/input/input2
[    1.476069] rtc_cmos rtc_cmos: rtc core: registered rtc_cmos as rtc0
[    1.476155] rtc_cmos rtc_cmos: alarms up to one day, 114 bytes nvram
[    1.476168] i2c /dev entries driver
[    1.476178] pcie_mp2_amd: AMD(R) PCI-E MP2 Communication Driver Version: 1.0
[    1.476288] device-mapper: uevent: version 1.0.3
[    1.476366] device-mapper: ioctl: 4.37.0-ioctl (2017-09-20) initialised: dm-devel@redhat.com
[    1.485885] ledtrig-cpu: registered to indicate activity on CPUs
[    1.616280] NET: Registered protocol family 10
[    1.620366] Segment Routing with IPv6
[    1.621007] NET: Registered protocol family 17
[    1.621754] Key type dns_resolver registered
[    1.622657] RAS: Correctable Errors collector initialized.
[    1.623570] sched_clock: Marking stable (1622619565, 0)->(2059022861, -436403296)
[    1.667046] registered taskstats version 1
[    1.669596] Loading compiled-in X.509 certificates
[    1.676302] Loaded X.509 cert 'Build time autogenerated kernel key: 7211859d1298c08a101905a3cb814e8c7b4bf4a4'
[    1.678076] zswap: loaded using pool lzo/zbud
[    1.686545] Key type big_key registered
[    1.698541] Key type trusted registered
[    1.701177] Key type encrypted registered
[    1.702168] AppArmor: AppArmor sha1 policy hashing enabled
[    1.703322] ima: No TPM chip found, activating TPM-bypass! (rc=-19)
[    1.715730] ima: Allocated hash algorithm: sha1
[    1.725985] evm: HMAC attrs: 0x1
[    1.726987]   Magic number: 15:928:828
[    1.727959] rtc_cmos rtc_cmos: setting system clock to 2019-04-16 09:50:11 UTC (1555408211)
[    1.729848] BIOS EDD facility v0.16 2004-Jun-25, 0 devices found
[    1.731162] EDD information not available.
[    1.734525] Freeing unused kernel memory: 2408K
[    1.812095] Write protecting the kernel read-only data: 20480k
[    1.846384] Freeing unused kernel memory: 2008K
[    1.850268] Freeing unused kernel memory: 1892K
[    1.856113] x86/mm: Checked W+X mappings: passed, no W+X pages found.
[    1.886177] x86/mm: Checking user space page tables
[    1.893840] x86/mm: Checked W+X mappings: passed, no W+X pages found.
Loading, please wait...
starting version 237
[    1.967546] Fusion MPT base driver 3.04.20
[    1.969695] Copyright (c) 1999-2008 LSI Corporation
[    1.990868] e1000: Intel(R) PRO/1000 Network Driver - version 7.3.21-k8-NAPI
[    2.025498] e1000: Copyright (c) 1999-2006 Intel Corporation.
[    2.034356] AVX2 version of gcm_enc/dec engaged.
[    2.065798] AES CTR mode by8 optimization enabled
[    2.092841] Fusion MPT SPI Host driver 3.04.20
[    2.233262] input: ImExPS/2 Generic Explorer Mouse as /devices/platform/i8042/serio1/input/input4
[    2.364099] tsc: Refined TSC clocksource calibration: 2495.742 MHz
[    2.371605] clocksource: tsc: mask: 0xffffffffffffffff max_cycles: 0x23f9838b606, max_idle_ns: 440795329566 ns
[    2.420010] e1000 0000:00:03.0 eth0: (PCI:33MHz:32-bit) 02:06:00:4b:33:e4
[    2.455490] e1000 0000:00:03.0 eth0: Intel(R) PRO/1000 Network Connection
[    2.507261] mptbase: ioc0: Initiating bringup
[    2.508788] e1000 0000:00:03.0 enp0s3: renamed from eth0
[    3.071911] ioc0: LSI53C1030 A0: Capabilities={Initiator}
[    4.096873] scsi host2: ioc0: LSI53C1030 A0, FwRev=00000000h, Ports=1, MaxQ=256, IRQ=20
[    5.040057] scsi 2:0:0:0: Direct-Access     VBOX     HARDDISK         1.0  PQ: 0 ANSI: 5
[    5.092101] scsi target2:0:0: Beginning Domain Validation
[    5.095287] scsi target2:0:0: Domain Validation skipping write tests
[    5.096452] scsi target2:0:0: Ending Domain Validation
[    5.097706] scsi target2:0:0: asynchronous
[    5.099500] scsi 2:0:1:0: Direct-Access     VBOX     HARDDISK         1.0  PQ: 0 ANSI: 5
[    5.132188] scsi target2:0:1: Beginning Domain Validation
[    5.134284] random: fast init done
[    5.140578] scsi target2:0:1: Domain Validation skipping write tests
[    5.141701] scsi target2:0:1: Ending Domain Validation
[    5.145565] scsi target2:0:1: asynchronous
[    5.149789] random: systemd-udevd: uninitialized urandom read (16 bytes read)
[    5.157006] random: systemd-udevd: uninitialized urandom read (16 bytes read)
[    5.157082] sd 2:0:0:0: Attached scsi generic sg0 type 0
[    5.158535] sd 2:0:1:0: Attached scsi generic sg1 type 0
[    5.161330] random: systemd-udevd: uninitialized urandom read (16 bytes read)
[    5.161335] sd 2:0:0:0: [sda] 20971520 512-byte logical blocks: (10.7 GB/10.0 GiB)
[    5.162689] sd 2:0:0:0: [sda] Write Protect is off
[    5.165187] sd 2:0:1:0: [sdb] 20480 512-byte logical blocks: (10.5 MB/10.0 MiB)
[    5.168917] sd 2:0:0:0: [sda] Incomplete mode parameter data
[    5.168919] sd 2:0:0:0: [sda] Assuming drive cache: write through
[    5.168974] sd 2:0:1:0: [sdb] Write Protect is off
[    5.182623] sd 2:0:1:0: [sdb] Incomplete mode parameter data
[    5.182625] sd 2:0:1:0: [sdb] Assuming drive cache: write through
[    5.226113]  sda: sda1
[    5.256449] sd 2:0:0:0: [sda] Attached SCSI disk
[    5.257002] sd 2:0:1:0: [sdb] Attached SCSI disk
Begin: Loading essential drivers ... [    6.774315] raid6: sse2x1   gen()  9799 MB/s
[    6.828093] raid6: sse2x1   xor()  7278 MB/s
[    6.876079] raid6: sse2x2   gen() 11824 MB/s
[    6.924042] raid6: sse2x2   xor()  7825 MB/s
[    6.976063] raid6: sse2x4   gen() 14125 MB/s
[    7.024065] raid6: sse2x4   xor()  8552 MB/s
[    7.076067] raid6: avx2x1   gen() 19805 MB/s
[    7.124106] raid6: avx2x1   xor() 10864 MB/s
[    7.176060] raid6: avx2x2   gen() 16862 MB/s
[    7.240063] raid6: avx2x2   xor() 13616 MB/s
[    7.312052] raid6: avx2x4   gen() 23453 MB/s
[    7.368080] raid6: avx2x4   xor() 11858 MB/s
[    7.374129] raid6: using algorithm avx2x4 gen() 23453 MB/s
[    7.375073] raid6: .... xor() 11858 MB/s, rmw enabled
[    7.375947] raid6: using avx2x2 recovery algorithm
[    7.378609] xor: automatically using best checksumming function   avx       
[    7.381601] async_tx: api initialized (async)
done.
Begin: Running /scripts/init-premount ... done.
Begin: Mounting root file system ... Begin: Running /scripts/local-top ... done.
Begin: Running /scripts/local-premount ... [    7.434422] Btrfs loaded, crc32c=crc32c-intel
Scanning for Btrfs filesystems
done.
Warning: fsck not present, so skipping root file system
[    7.474365] EXT4-fs (sda1): mounted filesystem with ordered data mode. Opts: (null)
done.
Begin: Running /scripts/local-bottom ... done.
Begin: Running /scripts/init-bottom ... done.
[    7.678294] ip_tables: (C) 2000-2006 Netfilter Core Team
[    7.726806] systemd[1]: systemd 237 running in system mode. (+PAM +AUDIT +SELINUX +IMA +APPARMOR +SMACK +SYSVINIT +UTMP +LIBCRYPTSETUP +GCRYPT +GNUTLS +ACL +XZ +LZ4 +SECCOMP +BLKID +ELFUTILS +KMOD -IDN2 +IDN -PCRE2 default-hierarchy=hybrid)
[    7.768045] systemd[1]: Detected virtualization oracle.
[    7.768906] systemd[1]: Detected architecture x86-64.

Welcome to [1mUbuntu 18.04.2 LTS[0m!

[    7.776163] systemd[1]: Set hostname to <ubuntu>.
[    7.779294] systemd[1]: Initializing machine ID from random generator.
[    7.782021] systemd[1]: Installed transient /etc/machine-id file.
[    8.045351] systemd[1]: Set up automount Arbitrary Executable File Formats File System Automount Point.
[[0;32m  OK  [0m] Set up automount Arbitrary Executabâ€¦rmats File System Automount Point.
[    8.184119] systemd[1]: Reached target User and Group Name Lookups.
[[0;32m  OK  [0m] Reached target User and Group Name Lookups.
[    8.187747] systemd[1]: Reached target System Time Synchronized.
[[0;32m  OK  [0m] Reached target System Time Synchronized.
[    8.189714] systemd[1]: Started Forward Password Requests to Wall Directory Watch.
[[0;32m  OK  [0m] Started Forward Password Requests to Wall Directory Watch.
[[0;32m  OK  [0m] Created slice User and Session Slice.
[[0;32m  OK  [0m] Created slice System Slice.
[[0;32m  OK  [0m] Listening on Journal Socket (/dev/log).
[[0;32m  OK  [0m] Listening on /dev/initctl Compatibility Named Pipe.
[[0;32m  OK  [0m] Listening on LVM2 metadata daemon socket.
[[0;32m  OK  [0m] Created slice system-serial\x2dgetty.slice.
[[0;32m  OK  [0m] Listening on udev Control Socket.
[[0;32m  OK  [0m] Listening on Journal Audit Socket.
[[0;32m  OK  [0m] Listening on Journal Socket.
         Starting Uncomplicated firewall...
         Mounting Kernel Debug File System...
         Starting Remount Root and Kernel File Systems...
         Mounting POSIX Message Queue File System...
[[0;32m  OK  [0m] Listening on Network Service Netlink Socket.
[[0;32m  OK  [0m] Listening on Device-mapper event daemon FIFOs.
         Starting Load Kernel Modules...
         Starting Set the console keyboard layout...
[[0;32m  OK  [0[    8.323081] Loading iSCSI transport class v2.0-870.
m] Listening on Syslog Socket.
         Starting Create [    8.346712] iscsi: registered transport (tcp)
list of required stâ€¦ce nodes for the current kernel...
[[0;32m  OK  [0m] Reached target Slices.
[[0;32m  OK  [0m] Listening on udev Kernel Socket.
[    8.407274] iscsi: registered transport (iser)
         [    8.409255] EXT4-fs (sda1): re-mounted. Opts: (null)
Starting udev Coldplug all Devices...
         Starting Journal Service...
[[0;32m  OK  [0m] Reached target Swap.
         Starting Monitoring of LVM2 mirrorsâ€¦ng dmeventd or progress polling...
[[0;32m  OK  [0m] Listening on LVM2 poll daemon socket.
         Mounting Huge Pages File System...
[[0;32m  OK  [0m] Started Journal Service.
[[0;32m  OK  [0m] Started Uncomplicated firewall.
[[0;32m  OK  [0m] Mounted Kernel Debug File System.
[[0;32m  OK  [0m] Started Remount Root and Kernel File Systems.
[[0;32m  OK  [0m] Mounted POSIX Message Queue File System.
[[0;32m  OK  [0m] Started Load Kernel Modules.
[[0;32m  OK  [0m] Started Create list of required staâ€¦vice nodes for the current kernel.
[[0;32m  OK  [0m] Mounted Huge Pages File System.
[[0;32m  OK  [0m] Started LVM2 metadata daemon.
         Starting Create Static Device Nodes in /dev...
         Mounting Kernel Configuration File System...
         Starting Apply Kernel Variables...
         Mounting FUSE Control File System...
         Starting Initial cloud-init job (pre-networking)...
         Starting Load/Save Random Seed...
         Starting Flush Journal to Persistent Storage...
[[0;32m  OK  [0m] Started Monitoring of LVM2 mirrors,â€¦sing dmeventd or progress polling.
[[0;32m  OK  [0m] Started udev Coldplug all Devices.
[[0;32m  OK  [0m] Started Create Static Device Nodes in /dev.
[[0;32m  OK  [0m] Mounted Kernel Configuration File System.
[[0;32m  OK  [0m] Started Apply Kernel Variables.
[[0;32m  OK  [0m] Mounted FUSE Control File System.
         Starting udev Kernel Device Manager...
[[0;32m  OK  [0m] Started Load/Save Random Seed.
[[0;32m  OK  [0m] Started udev Kernel Device Manager.
[[0;32m  OK  [0m] Started Flush Journal to Persistent Storage.
[[0;32m  OK  [0m] Found device /dev/ttyS0.
[[0;32m  OK  [0m] Listening on Load/Save RF Kill Switch Status /dev/rfkill Watch.
[[0;32m  OK  [0m] Started Set the console keyboard layout.
[[0;32m  OK  [0m] Reached target Local File Systems (Pre).
[[0;32m  OK  [0m] Reached target Local File Systems.
         Starting Commit a transient machine-id on disk...
         Starting Tell Plymouth To Write Out Runtime Data...
         Starting ebtables ruleset management...
         Starting Create Volatile Files and Directories...
         Starting Set console font and keymap...
         Starting AppArmor initialization...
[[0;32m  OK  [0m] Started Dispatch Password Requests to Console Directory Watch.
[[0;32m  OK  [0m] Reached target Local Encrypted Volumes.
[[0;32m  OK  [0m] Started Tell Plymouth To Write Out Runtime Data.
[[0;32m  OK  [0m] Started Set console font and keymap.
[[0;32m  OK  [0m] Started Commit a transient machine-id on disk.
[[0;32m  OK  [0m] Started Create Volatile Files and Directories.
         Starting Update UTMP about System Boot/Shutdown...
[[0;32m  OK  [0m] Started Update UTMP about System Boot/Shutdown.
[[0;32m  OK  [0m] Started ebtables ruleset management.
[   10.949715] cloud-init[438]: Cloud-init v. 18.5-45-g3554ffe8-0ubuntu1~18.04.1 running 'init-local' at Tue, 16 Apr 2019 09:50:20 +0000. Up 10.25 seconds.
[[0;32m  OK  [0m] Started Initial cloud-init job (pre-networking).
[[0;32m  OK  [0m] Reached target Network (Pre).
         Starting Network Service...
[[0;32m  OK  [0m] Started Network Service.
         Starting Wait for Network to be Configured...
         Starting Network Name Resolution...
[[0;32m  OK  [0m] Started Network Name Resolution.
[[0;32m  OK  [0m] Reached target Network.
[[0;32m  OK  [0m] Reached target Host and Network Name Lookups.
[[0;32m  OK  [0m] Started AppArmor initialization.
[[0;32m  OK  [0m] Started Wait for Network to be Configured.
         Starting Initial cloud-init job (metadata service crawler)...
[   13.472545] cloud-init[761]: Cloud-init v. 18.5-45-g3554ffe8-0ubuntu1~18.04.1 running 'init' at Tue, 16 Apr 2019 09:50:23 +0000. Up 13.27 seconds.
[   13.485791] cloud-init[761]: ci-info: ++++++++++++++++++++++++++++++++++++Net device info+++++++++++++++++++++++++++++++++++++
[   13.509126] cloud-init[761]: ci-info: +--------+------+-------------------------+---------------+--------+-------------------+
[   13.552773] cloud-init[761]: ci-info: | Device |  Up  |         Address         |      Mask     | Scope  |     Hw-Address    |
[   13.559774] cloud-init[761]: ci-info: +--------+------+-------------------------+---------------+--------+-------------------+
[   13.561212] cloud-init[761]: ci-info: | enp0s3 | True |        10.0.2.15        | 255.255.255.0 | global | 02:06:00:4b:33:e4 |
[   13.566619] cloud-init[761]: ci-info: | enp0s3 | True | fe80::6:ff:fe4b:33e4/64 |       .       |  link  | 02:06:00:4b:33:e4 |
[   13.571258] cloud-init[761]: ci-info: |   lo   | True |        127.0.0.1        |   255.0.0.0   |  host  |         .         |
[   13.576341] cloud-init[761]: ci-info: |   lo   | True |         ::1/128         |       .       |  host  |         .         |
[   13.598973] cloud-init[761]: ci-info: +--------+------+-------------------------+---------------+--------+-------------------+
[   13.601290] cloud-init[761]: ci-info: ++++++++++++++++++++++++++++Route IPv4 info+++++++++++++++++++++++++++++
[   13.602940] cloud-init[761]: ci-info: +-------+-------------+----------+-----------------+-----------+-------+
[   13.646550] cloud-init[761]: ci-info: | Route | Destination | Gateway  |     Genmask     | Interface | Flags |
[   13.675675] cloud-init[761]: ci-info: +-------+-------------+----------+-----------------+-----------+-------+
[   13.697840] cloud-init[761]: ci-info: |   0   |   0.0.0.0   | 10.0.2.2 |     0.0.0.0     |   enp0s3  |   UG  |
[   13.699457] cloud-init[761]: ci-info: |   1   |   10.0.2.0  | 0.0.0.0  |  255.255.255.0  |   enp0s3  |   U   |
[   13.700888] cloud-init[761]: ci-info: |   2   |   10.0.2.2  | 0.0.0.0  | 255.255.255.255 |   enp0s3  |   UH  |
[   13.724779] cloud-init[761]: ci-info: +-------+-------------+----------+-----------------+-----------+-------+
[   13.729984] cloud-init[761]: ci-info: +++++++++++++++++++Route IPv6 info+++++++++++++++++++
[   13.731815] cloud-init[761]: ci-info: +-------+-------------+---------+-----------+-------+
[   13.790810] cloud-init[761]: ci-info: | Route | Destination | Gateway | Interface | Flags |
[   13.812310] cloud-init[761]: ci-info: +-------+-------------+---------+-----------+-------+
[   13.872359] cloud-init[761]: ci-info: |   1   |  fe80::/64  |    ::   |   enp0s3  |   U   |
[   13.913138] cloud-init[761]: ci-info: |   3   |    local    |    ::   |   enp0s3  |   U   |
[   13.939934] cloud-init[761]: ci-info: |   4   |   ff00::/8  |    ::   |   enp0s3  |   U   |
[   13.985614] cloud-init[761]: ci-info: +-------+-------------+---------+-----------+-------+
[   14.662319] cloud-init[761]: Generating public/private rsa key pair.
[[0;32m  OK  [0m[   14.756436] cloud-init[761]: Your identification has been saved in /etc/ssh/ssh_host_rsa_key.
] Started Initial cloud-init job (metadata service crawler).
[   14.757726] cloud-init[761]: Your public key has been saved in /etc/ssh/ssh_host_rsa_key.pub.
[[0;32m  OK  [0m[   14.800445] cloud-init[761]: The key fingerprint is:
[   14.800856] cloud-init[761]: SHA256:vy6KCzLjJVJ7g8aQZRbbCrfGzmExmQABJhGhf7P9YfE root@ubuntu-bionic
] Reached target System Initialization.
[   14.801120] cloud-init[761]: The key's randomart image is:
[[   14.829379] cloud-init[761]: +---[RSA 2048]----+
[0;32m  OK  [0m] Listening on Open-iSCSI iscsid Socket.
[   14.830232] cloud-init[761]: |%*.              |
[   14.835201] cloud-init[761]: |+. *             |
[[   14.836046] cloud-init[761]: |o @ .            |
[0;32m  OK  [0m[   14.837184] cloud-init[761]: | X =             |
] Started Message of the Day.
[   14.837745] cloud-init[761]: |o X o   S        |
[[   14.868329] cloud-init[761]: | O = +   +       |
[   14.868471] cloud-init[761]: |=.O.+ . o E      |
[0;32m  OK  [0m] Started Discard unused blocks once a week.
[   14.868813] cloud-init[761]: |o=oo o o.. .     |
[   14.883601] cloud-init[761]: | .  o....oo      |
[   14.884397] cloud-init[761]: +----[SHA256]-----+
[   14.891401] cloud-init[761]: Generating public/private dsa key pair.
[   14.891676] cloud-init[761]: Your identification has been saved in /etc/ssh/ssh_host_dsa_key.
         Starting LXD - unix socket.
[   14.892107] cloud-init[761]: Your public key has been saved in /etc/ssh/ssh_host_dsa_key.pub.
         [   14.955824] Starting Socket activation for snappy daemon.cloud-init
[761]: The key fingerprint is:
[[   14.958228] cloud-init[761]: SHA256:mAOTP5gthpwCHtsFQamY98qOGnklgitKyvfWvWiW33k root@ubuntu-bionic
[   14.958406] cloud-init[761]: The key's randomart image is:
[   14.958569] cloud-init[761]: +---[DSA 1024]----+
[   14.958742] cloud-init[761]: |  .+o            |
[0;32m  OK  [0m] Started ACPI Events Check.
[   14.959080] cloud-init[761]: |   ...           |
[[   15.005915] cloud-init[761]: |oo. +.           |
[   15.006042] cloud-init[761]: |*o=o.B o         |
[0;32m  OK  [0m] Listening on D-Bus System Message Bus Socket.
[   15.006184] cloud-init[761]: |++=o* B S        |
[[   15.077444] cloud-init[761]: | = +.. o         |
[0;32m  OK  [0m] Started Daily Cleanup of Temporary Directories.
[   15.077738] cloud-init[761]: |=o..  . o        |
[   15.117284] cloud-init[761]: |*+o. . =... .E   |
[[   15.118090] cloud-init[761]: |*oo o.o..o.o.    |
[   15.118273] cloud-init[761]: +----[SHA256]-----+
[0;32m  OK  [0m] Started Daily apt download activities.
[   15.118421] cloud-init[761]: Generating public/private ecdsa key pair.
[[   15.228213] cloud-init[761]: Your identification has been saved in /etc/ssh/ssh_host_ecdsa_key.
[   15.228402] cloud-init[761]: Your public key has been saved in /etc/ssh/ssh_host_ecdsa_key.pub.
[   15.228724] cloud-init[761]: The key fingerprint is:
[   15.228918] cloud-init[761]: SHA256:Sd3f7IGCoQGjfr3a8FHcmdcsuURETtDCk9RMCaa0sKY root@ubuntu-bionic
[   15.229100] cloud-init[761]: The key's randomart image is:
[   15.229271] cloud-init[761]: +---[ECDSA 256]---+
[   15.229454] cloud-init[761]: |     o . .o=X=.  |
[   15.229830] cloud-init[761]: |    . o +.+*+=   |
[   15.230011] cloud-init[761]: |   .   +.+. +o   |
[   15.230191] cloud-init[761]: |  .   +.+.+ +.=o |
[   15.230375] cloud-init[761]: |   . E oS+ = *.+o|
[   15.230559] cloud-init[761]: |    .   o   + o..|
[   15.230735] cloud-init[761]: |     . o     .  .|
[   15.230918] cloud-init[761]: |      = .        |
[   15.231097] cloud-init[761]: |     . o         |
[   15.231276] cloud-init[761]: +----[SHA256]-----+
[0;32m  OK  [0m] Reached target Paths.
[   15.231454] cloud-init[761]: Generating public/private ed25519 key pair.
[[   15.342313] cloud-init[761]: Your identification has been saved in /etc/ssh/ssh_host_ed25519_key.
[   15.342471] cloud-init[761]: Your public key has been saved in /etc/ssh/ssh_host_ed25519_key.pub.
[0;32m  OK  [0m] Listening on ACPID Listen Socket.
[   15.342789] cloud-init[761]: The key fingerprint is:
[[   15.417585] cloud-init[761]: SHA256:crDs/pIYj8I0+6rum426QXsTci9lZ9ZjL1rv7eCXDIs root@ubuntu-bionic
[0;32m  OK  [0m] Started Daily apt upgrade and clean activities.
[   15.417985] cloud-init[761]: The key's randomart image is:
[[   15.464287] cloud-init[761]: +--[ED25519 256]--+
[   15.464457] cloud-init[761]: |                 |
[0;32m  OK  [0m] Reached target Timers.
[   15.464580] cloud-init[761]: |                 |
[[   15.501188] cloud-init[761]: |      .          |
[   15.501538] cloud-init[761]: |     . o.        |
[0;32m  OK  [0m] Listening on UUID daemon activation socket.
[[   15.501727] cloud-init[761]: | o o o++S+       |
[0;32m  OK  [0m] Reached target Cloud-config availability.
[   15.539516] cloud-init[761]: |. * *.+o. o.     |
[[0;32m  OK  [0m] Reached target Network is Online.
[   15.561164] cloud-init[761]: |.+ * *.. o.o+ .  |
[[   15.620196] cloud-init[761]: | .O =.+ oE+.o+   |
[   15.620577] cloud-init[761]: |BOo=. .+. .+oo   |
[   15.620840] cloud-init[761]: +----[SHA256]-----+
[0;32m  OK  [0m] Reached target Remote File Systems (Pre).
[[0;32m  OK  [0m] Reached target Remote File Systems.
         Starting Availability of block devices...
[[0;32m  OK  [0m] Listening on LXD - unix socket.
[[0;32m  OK  [0m] Listening on Socket activation for snappy daemon.
[[0;32m  OK  [0m] Started Availability of block devices.
[[0;32m  OK  [0m] Reached target Sockets.
[[0;32m  OK  [0m] Reached target Basic System.
         Starting Permit User Sessions...
         Starting Virtualbox guest utils...
         Starting Pollinate to seed the pseudo random number generator...
         Starting LSB: Record successful boot for GRUB...
         Starting Login Service...
[[0;32m  OK  [0m] Started Deferred execution scheduler.
         Starting LSB: automatic crash report generation...
         Starting Snappy daemon...
[[0;32m  OK  [0m] Started irqbalance daemon.
         Starting Accounts Service...
[[0;32m  OK  [0m] Started Regular background program processing daemon.
         Starting System Logging Service...
[[0;32m  OK  [0m] Started FUSE filesystem for LXC.
         Starting Dispatcher daemon for systemd-networkd...
[[0;32m  OK  [0m] Started D-Bus System Message Bus.
         Starting LXD - container startup/shutdown...
[[0;32m  OK  [0m] Started System Logging Service.
[[0;32m  OK  [0m] Started Permit User Sessions.
[[0;32m  OK  [0m] Started Login Service.
         Starting Authorization Manager...
[[0;32m  OK  [0m] Started Unattended Upgrades Shutdown.
         Starting Hold until boot process finishes up...
         Starting Terminate Plymouth Boot Screen...
[[0;32m  OK  [0m] Started Hold until boot process finishes up.
[[0;32m  OK  [0m] Started LSB: automatic crash report generation.
[[0;32m  OK  [0m] Started Terminate Plymouth Boot Screen.
         Starting Set console scheme...
[[0;32m  OK  [0m] Started Serial Getty on ttyS0.
[[0;32m  OK  [0m] Started LSB: Record successful boot for GRUB.
[[0;32m  OK  [0m] Started Authorization Manager.
[[0;32m  OK  [0m] Started Set console scheme.
[[0;32m  OK  [0m] Started Accounts Service.
[[0;32m  OK  [0m] Created slice system-getty.slice.
[[0;32m  OK  [0m] Started Getty on tty1.
[[0;32m  OK  [0m] Reached target Login Prompts.
[[0;32m  OK  [0m] Started LXD - container startup/shutdown.
[[0;32m  OK  [0m] Started Virtualbox guest utils.
[[0;32m  OK  [0m] Started Snappy daemon.
         Starting Wait until snapd is fully seeded...
[[0;32m  OK  [0m] Started Dispatcher daemon for systemd-networkd.
[[0;32m  OK  [0m] Started Pollinate to seed the pseudo random number generator.
         Starting OpenBSD Secure Shell server...
[[0;32m  OK  [0m] Started OpenBSD Secure Shell server.
[[0;32m  OK  [0m] Created slice User Slice of vagrant.
         Starting User Manager for UID 1000...
[[0;32m  OK  [0m] Started Session 1 of user vagrant.
[[0;32m  OK  [0m] Started User Manager for UID 1000.
[[0;32m  OK  [0m] Started Wait until snapd is fully seeded.
         Starting Apply the settings specified in cloud-config...
[[0;32m  OK  [0m] Reached target Multi-User System.
[[0;32m  OK  [0m] Reached target Graphical Interface.
         Starting Update UTMP about System Runlevel Changes...
[[0;32m  OK  [0m] Started Update UTMP about System Runlevel Changes.
[   21.992887] cloud-init[1515]: Cloud-init v. 18.5-45-g3554ffe8-0ubuntu1~18.04.1 running 'modules:config' at Tue, 16 Apr 2019 09:50:31 +0000. Up 21.50 seconds.
ci-info: no authorized ssh keys fingerprints found for user ubuntu.
<14>Apr 16 09:50:32 ec2: 
<14>Apr 16 09:50:32 ec2: #############################################################
<14>Apr 16 09:50:32 ec2: -----BEGIN SSH HOST KEY FINGERPRINTS-----
<14>Apr 16 09:50:32 ec2: 1024 SHA256:mAOTP5gthpwCHtsFQamY98qOGnklgitKyvfWvWiW33k root@ubuntu-bionic (DSA)
<14>Apr 16 09:50:32 ec2: 256 SHA256:Sd3f7IGCoQGjfr3a8FHcmdcsuURETtDCk9RMCaa0sKY root@ubuntu-bionic (ECDSA)
<14>Apr 16 09:50:32 ec2: 256 SHA256:crDs/pIYj8I0+6rum426QXsTci9lZ9ZjL1rv7eCXDIs root@ubuntu-bionic (ED25519)
<14>Apr 16 09:50:32 ec2: 2048 SHA256:vy6KCzLjJVJ7g8aQZRbbCrfGzmExmQABJhGhf7P9YfE root@ubuntu-bionic (RSA)
<14>Apr 16 09:50:32 ec2: -----END SSH HOST KEY FINGERPRINTS-----
<14>Apr 16 09:50:32 ec2: #############################################################
-----BEGIN SSH HOST KEY KEYS-----
ecdsa-sha2-nistp256 AAAAE2VjZHNhLXNoYTItbmlzdHAyNTYAAAAIbmlzdHAyNTYAAABBBCElgXbapT4UZypd/I6dbg5qj25OxQLGAH/UIABwL67In5sbHIMcTQ+C+KKK96OeIQwS7RglC5pWMGwdegkxmnM= root@ubuntu-bionic
ssh-ed25519 AAAAC3NzaC1lZDI1NTE5AAAAIKEqFxVUJGALjkycVqFrzdFZ08N5ptL1mfOQnvATkHfe root@ubuntu-bionic
ssh-rsa AAAAB3NzaC1yc2EAAAADAQABAAABAQCvicJl2bQbPMQ7UDCmD7x8pTYu+QCxySibrtcUAtHliW21XVK0MkjhlzcMtQWzqbXzv4n85Jmlyec4KM3gtxJ5xyEyUo94w2Q2r+kple1SZeqv6wrfJU9yjWYMx2B8hqrHp4TBg3xUuf1YAi6dksWtZuCPSS2w9FTkFvj7aIpKa9rCfStpNlNw3mQFjiChnk16fnyxCv9nqT6tGxJsNk60PBoJ8F+wWmREOg7SrhcCjTtixluAs1FRxWf2izG628LY8g4VBiBEO52I3bkugOc1df3UgGGD6N2MZeRiX6ns4X1Du6dZxBJpjznho/fT3VMKQ7ZVJNqvBX4JLJaYYFVN root@ubuntu-bionic
-----END SSH HOST KEY KEYS-----
[   22.675710] cloud-init[1645]: Cloud-init v. 18.5-45-g3554ffe8-0ubuntu1~18.04.1 running 'modules:final' at Tue, 16 Apr 2019 09:50:32 +0000. Up 22.51 seconds.
[   22.676119] cloud-init[1645]: ci-info: no authorized ssh keys fingerprints found for user ubuntu.
[   22.676259] cloud-init[1645]: Cloud-init v. 18.5-45-g3554ffe8-0ubuntu1~18.04.1 finished at Tue, 16 Apr 2019 09:50:32 +0000. Datasource DataSourceNoCloud [seed=/dev/sdb][dsmode=net].  Up 22.66 seconds

Ubuntu 18.04.2 LTS ubuntu-bionic ttyS0

ubuntu-bionic login: 