[    0.000000] Linux version 4.15.0-72-generic (buildd@lcy01-amd64-026) (gcc version 7.4.0 (Ubuntu 7.4.0-1ubuntu1~18.04.1)) #81-Ubuntu SMP Tue Nov 26 12:20:02 UTC 2019 (Ubuntu 4.15.0-72.81-generic 4.15.18)
[    0.000000] Command line: BOOT_IMAGE=/boot/vmlinuz-4.15.0-72-generic root=LABEL=cloudimg-rootfs ro console=tty1 console=ttyS0
[    0.000000] KERNEL supported cpus:
[    0.000000]   Intel GenuineIntel
[    0.000000]   AMD AuthenticAMD
[    0.000000]   Centaur CentaurHauls
[    0.000000] x86/fpu: Supporting XSAVE feature 0x001: 'x87 floating point registers'
[    0.000000] x86/fpu: Supporting XSAVE feature 0x002: 'SSE registers'
[    0.000000] x86/fpu: Supporting XSAVE feature 0x004: 'AVX registers'
[    0.000000] x86/fpu: xstate_offset[2]:  576, xstate_sizes[2]:  256
[    0.000000] x86/fpu: Enabled xstate features 0x7, context size is 832 bytes, using 'standard' format.
[    0.000000] e820: BIOS-provided physical RAM map:
[    0.000000] BIOS-e820: [mem 0x0000000000000000-0x000000000009fbff] usable
[    0.000000] BIOS-e820: [mem 0x000000000009fc00-0x000000000009ffff] reserved
[    0.000000] BIOS-e820: [mem 0x00000000000f0000-0x00000000000fffff] reserved
[    0.000000] BIOS-e820: [mem 0x0000000000100000-0x000000003ffeffff] usable
[    0.000000] BIOS-e820: [mem 0x000000003fff0000-0x000000003fffffff] ACPI data
[    0.000000] BIOS-e820: [mem 0x00000000fec00000-0x00000000fec00fff] reserved
[    0.000000] BIOS-e820: [mem 0x00000000fee00000-0x00000000fee00fff] reserved
[    0.000000] BIOS-e820: [mem 0x00000000fffc0000-0x00000000ffffffff] reserved
[    0.000000] NX (Execute Disable) protection: active
[    0.000000] SMBIOS 2.5 present.
[    0.000000] DMI: innotek GmbH VirtualBox/VirtualBox, BIOS VirtualBox 12/01/2006
[    0.000000] Hypervisor detected: KVM
[    0.000000] e820: last_pfn = 0x3fff0 max_arch_pfn = 0x400000000
[    0.000000] MTRR: Disabled
[    0.000000] x86/PAT: MTRRs disabled, skipping PAT initialization too.
[    0.000000] CPU MTRRs all blank - virtualized system.
[    0.000000] x86/PAT: Configuration [0-7]: WB  WT  UC- UC  WB  WT  UC- UC  
[    0.000000] found SMP MP-table at [mem 0x0009fff0-0x0009ffff]
[    0.000000] Scanning 1 areas for low memory corruption
[    0.000000] RAMDISK: [mem 0x35a71000-0x36d2ffff]
[    0.000000] ACPI: Early table checksum verification disabled
[    0.000000] ACPI: RSDP 0x00000000000E0000 000024 (v02 VBOX  )
[    0.000000] ACPI: XSDT 0x000000003FFF0030 00003C (v01 VBOX   VBOXXSDT 00000001 ASL  00000061)
[    0.000000] ACPI: FACP 0x000000003FFF00F0 0000F4 (v04 VBOX   VBOXFACP 00000001 ASL  00000061)
[    0.000000] ACPI: DSDT 0x000000003FFF0470 0021FF (v02 VBOX   VBOXBIOS 00000002 INTL 20180105)
[    0.000000] ACPI: FACS 0x000000003FFF0200 000040
[    0.000000] ACPI: FACS 0x000000003FFF0200 000040
[    0.000000] ACPI: APIC 0x000000003FFF0240 00005C (v02 VBOX   VBOXAPIC 00000001 ASL  00000061)
[    0.000000] ACPI: SSDT 0x000000003FFF02A0 0001CC (v01 VBOX   VBOXCPUT 00000002 INTL 20180105)
[    0.000000] No NUMA configuration found
[    0.000000] Faking a node at [mem 0x0000000000000000-0x000000003ffeffff]
[    0.000000] NODE_DATA(0) allocated [mem 0x3ffc5000-0x3ffeffff]
[    0.000000] kvm-clock: cpu 0, msr 0:3ff44001, primary cpu clock
[    0.000000] kvm-clock: Using msrs 4b564d01 and 4b564d00
[    0.000000] kvm-clock: using sched offset of 3479670100 cycles
[    0.000000] clocksource: kvm-clock: mask: 0xffffffffffffffff max_cycles: 0x1cd42e4dffb, max_idle_ns: 881590591483 ns
[    0.000000] Zone ranges:
[    0.000000]   DMA      [mem 0x0000000000001000-0x0000000000ffffff]
[    0.000000]   DMA32    [mem 0x0000000001000000-0x000000003ffeffff]
[    0.000000]   Normal   empty
[    0.000000]   Device   empty
[    0.000000] Movable zone start for each node
[    0.000000] Early memory node ranges
[    0.000000]   node   0: [mem 0x0000000000001000-0x000000000009efff]
[    0.000000]   node   0: [mem 0x0000000000100000-0x000000003ffeffff]
[    0.000000] Reserved but unavailable: 98 pages
[    0.000000] Initmem setup node 0 [mem 0x0000000000001000-0x000000003ffeffff]
[    0.000000] ACPI: PM-Timer IO Port: 0x4008
[    0.000000] IOAPIC[0]: apic_id 2, version 32, address 0xfec00000, GSI 0-23
[    0.000000] ACPI: INT_SRC_OVR (bus 0 bus_irq 0 global_irq 2 dfl dfl)
[    0.000000] ACPI: INT_SRC_OVR (bus 0 bus_irq 9 global_irq 9 low level)
[    0.000000] Using ACPI (MADT) for SMP configuration information
[    0.000000] smpboot: Allowing 2 CPUs, 0 hotplug CPUs
[    0.000000] PM: Registered nosave memory: [mem 0x00000000-0x00000fff]
[    0.000000] PM: Registered nosave memory: [mem 0x0009f000-0x0009ffff]
[    0.000000] PM: Registered nosave memory: [mem 0x000a0000-0x000effff]
[    0.000000] PM: Registered nosave memory: [mem 0x000f0000-0x000fffff]
[    0.000000] e820: [mem 0x40000000-0xfebfffff] available for PCI devices
[    0.000000] Booting paravirtualized kernel on KVM
[    0.000000] clocksource: refined-jiffies: mask: 0xffffffff max_cycles: 0xffffffff, max_idle_ns: 7645519600211568 ns
[    0.000000] random: get_random_bytes called from start_kernel+0x99/0x4fd with crng_init=0
[    0.000000] setup_percpu: NR_CPUS:8192 nr_cpumask_bits:2 nr_cpu_ids:2 nr_node_ids:1
[    0.000000] percpu: Embedded 45 pages/cpu s147456 r8192 d28672 u1048576
[    0.000000] PV qspinlock hash table entries: 256 (order: 0, 4096 bytes)
[    0.000000] Built 1 zonelists, mobility grouping on.  Total pages: 257913
[    0.000000] Policy zone: DMA32
[    0.000000] Kernel command line: BOOT_IMAGE=/boot/vmlinuz-4.15.0-72-generic root=LABEL=cloudimg-rootfs ro console=tty1 console=ttyS0
[    0.000000] Memory: 983400K/1048120K available (12300K kernel code, 2481K rwdata, 4264K rodata, 2428K init, 2388K bss, 64720K reserved, 0K cma-reserved)
[    0.000000] SLUB: HWalign=64, Order=0-3, MinObjects=0, CPUs=2, Nodes=1
[    0.000000] Kernel/User page tables isolation: enabled
[    0.000000] ftrace: allocating 39318 entries in 154 pages
[    0.004000] Hierarchical RCU implementation.
[    0.004000] 	RCU restricting CPUs from NR_CPUS=8192 to nr_cpu_ids=2.
[    0.004000] 	Tasks RCU enabled.
[    0.004000] RCU: Adjusting geometry for rcu_fanout_leaf=16, nr_cpu_ids=2
[    0.004000] NR_IRQS: 524544, nr_irqs: 440, preallocated irqs: 16
[    0.004000] Console: colour VGA+ 80x25
[    0.004000] console [tty1] enabled
[    0.004000] console [ttyS0] enabled
[    0.004000] ACPI: Core revision 20170831
[    0.004000] ACPI: 2 ACPI AML tables successfully acquired and loaded
[    0.004000] APIC: Switch to symmetric I/O mode setup
[    0.004000] x2apic enabled
[    0.004000] Switched APIC routing to physical x2apic.
[    0.004000] ..TIMER: vector=0x30 apic1=0 pin1=2 apic2=-1 pin2=-1
[    0.004006] tsc: Detected 2495.998 MHz processor
[    0.005257] Calibrating delay loop (skipped) preset value.. 4991.99 BogoMIPS (lpj=9983992)
[    0.008003] pid_max: default: 32768 minimum: 301
[    0.009102] Security Framework initialized
[    0.010200] Yama: becoming mindful.
[    0.012043] AppArmor: AppArmor initialized
[    0.013823] Dentry cache hash table entries: 131072 (order: 8, 1048576 bytes)
[    0.016096] Inode-cache hash table entries: 65536 (order: 7, 524288 bytes)
[    0.020031] Mount-cache hash table entries: 2048 (order: 2, 16384 bytes)
[    0.021669] Mountpoint-cache hash table entries: 2048 (order: 2, 16384 bytes)
[    0.024372] Last level iTLB entries: 4KB 64, 2MB 8, 4MB 8
[    0.025781] Last level dTLB entries: 4KB 64, 2MB 0, 4MB 0, 1GB 4
[    0.028005] Spectre V1 : Mitigation: usercopy/swapgs barriers and __user pointer sanitization
[    0.030104] Spectre V2 : Mitigation: Full generic retpoline
[    0.032002] Spectre V2 : Spectre v2 / SpectreRSB mitigation: Filling RSB on context switch
[    0.034043] Speculative Store Bypass: Vulnerable
[    0.036056] MDS: Mitigation: Clear CPU buffers
[    0.040226] Freeing SMP alternatives memory: 36K
[    0.148000] APIC calibration not consistent with PM-Timer: 98ms instead of 100ms
[    0.148000] APIC delta adjusted to PM-Timer: 6250279 (6147765)
[    0.148071] smpboot: CPU0: Intel(R) Core(TM) i5-6300U CPU @ 2.40GHz (family: 0x6, model: 0x4e, stepping: 0x3)
[    0.152117] Performance Events: unsupported p6 CPU model 78 no PMU driver, software events only.
[    0.156055] Hierarchical SRCU implementation.
[    0.160970] NMI watchdog: Perf event create on CPU 0 failed with -2
[    0.164007] NMI watchdog: Perf NMI watchdog permanently disabled
[    0.165552] smp: Bringing up secondary CPUs ...
[    0.166760] x86: Booting SMP configuration:
[    0.168008] .... node  #0, CPUs:      #1
[    0.004000] kvm-clock: cpu 1, msr 0:3ff44041, secondary cpu clock
[    0.180031] smp: Brought up 1 node, 2 CPUs
[    0.180829] smpboot: Max logical packages: 1
[    0.181571] smpboot: Total of 2 processors activated (9983.99 BogoMIPS)
[    0.184145] devtmpfs: initialized
[    0.184627] x86/mm: Memory block size: 128MB
[    0.185461] evm: security.selinux
[    0.186004] evm: security.SMACK64
[    0.186592] evm: security.SMACK64EXEC
[    0.187236] evm: security.SMACK64TRANSMUTE
[    0.188004] evm: security.SMACK64MMAP
[    0.188608] evm: security.apparmor
[    0.189191] evm: security.ima
[    0.189706] evm: security.capability
[    0.192121] clocksource: jiffies: mask: 0xffffffff max_cycles: 0xffffffff, max_idle_ns: 7645041785100000 ns
[    0.193504] futex hash table entries: 512 (order: 3, 32768 bytes)
[    0.195027] pinctrl core: initialized pinctrl subsystem
[    0.196145] RTC time: 14:56:32, date: 12/06/19
[    0.197014] NET: Registered protocol family 16
[    0.200116] audit: initializing netlink subsys (disabled)
[    0.202091] audit: type=2000 audit(1575644196.560:1): state=initialized audit_enabled=0 res=1
[    0.204020] cpuidle: using governor ladder
[    0.204706] cpuidle: using governor menu
[    0.205393] ACPI: bus type PCI registered
[    0.208007] acpiphp: ACPI Hot Plug PCI Controller Driver version: 0.5
[    0.209158] PCI: Using configuration type 1 for base access
[    0.212985] HugeTLB registered 2.00 MiB page size, pre-allocated 0 pages
[    0.213204] ACPI: Added _OSI(Module Device)
[    0.216017] ACPI: Added _OSI(Processor Device)
[    0.216768] ACPI: Added _OSI(3.0 _SCP Extensions)
[    0.217514] ACPI: Added _OSI(Processor Aggregator Device)
[    0.218363] ACPI: Added _OSI(Linux-Dell-Video)
[    0.219095] ACPI: Added _OSI(Linux-Lenovo-NV-HDMI-Audio)
[    0.220004] ACPI: Added _OSI(Linux-HPI-Hybrid-Graphics)
[    0.221334] ACPI: Executed 1 blocks of module-level executable AML code
[    0.228482] ACPI: Interpreter enabled
[    0.232026] ACPI: (supports S0 S5)
[    0.236004] ACPI: Using IOAPIC for interrupt routing
[    0.237204] PCI: Using host bridge windows from ACPI; if necessary, use "pci=nocrs" and report a bug
[    0.239098] ACPI: Enabled 2 GPEs in block 00 to 07
[    0.246247] ACPI: PCI Root Bridge [PCI0] (domain 0000 [bus 00-ff])
[    0.248023] acpi PNP0A03:00: _OSC: OS supports [ASPM ClockPM Segments MSI]
[    0.252047] acpi PNP0A03:00: _OSC: not requesting OS control; OS requires [ExtendedConfig ASPM ClockPM MSI]
[    0.256019] acpi PNP0A03:00: fail to add MMCONFIG information, can't access extended PCI configuration space under this bridge.
[    0.260380] PCI host bridge to bus 0000:00
[    0.261200] pci_bus 0000:00: root bus resource [io  0x0000-0x0cf7 window]
[    0.262480] pci_bus 0000:00: root bus resource [io  0x0d00-0xffff window]
[    0.264007] pci_bus 0000:00: root bus resource [mem 0x000a0000-0x000bffff window]
[    0.265175] pci_bus 0000:00: root bus resource [mem 0x40000000-0xfdffffff window]
[    0.268000] pci_bus 0000:00: root bus resource [bus 00-ff]
[    0.269860] pci 0000:00:01.1: legacy IDE quirk: reg 0x10: [io  0x01f0-0x01f7]
[    0.272005] pci 0000:00:01.1: legacy IDE quirk: reg 0x14: [io  0x03f6]
[    0.276009] pci 0000:00:01.1: legacy IDE quirk: reg 0x18: [io  0x0170-0x0177]
[    0.280007] pci 0000:00:01.1: legacy IDE quirk: reg 0x1c: [io  0x0376]
[    0.301706] pci 0000:00:07.0: quirk: [io  0x4000-0x403f] claimed by PIIX4 ACPI
[    0.303318] pci 0000:00:07.0: quirk: [io  0x4100-0x410f] claimed by PIIX4 SMB
[    0.330956] ACPI: PCI Interrupt Link [LNKA] (IRQs 5 9 10 *11)
[    0.332470] ACPI: PCI Interrupt Link [LNKB] (IRQs 5 9 *10 11)
[    0.336130] ACPI: PCI Interrupt Link [LNKC] (IRQs 5 *9 10 11)
[    0.337128] ACPI: PCI Interrupt Link [LNKD] (IRQs 5 9 10 *11)
[    0.338427] SCSI subsystem initialized
[    0.339155] pci 0000:00:02.0: vgaarb: setting as boot VGA device
[    0.339155] pci 0000:00:02.0: vgaarb: VGA device added: decodes=io+mem,owns=io+mem,locks=none
[    0.340020] pci 0000:00:02.0: vgaarb: bridge control possible
[    0.342271] vgaarb: loaded
[    0.344051] ACPI: bus type USB registered
[    0.344853] usbcore: registered new interface driver usbfs
[    0.345877] usbcore: registered new interface driver hub
[    0.346927] usbcore: registered new device driver usb
[    0.348082] EDAC MC: Ver: 3.0.0
[    0.350049] PCI: Using ACPI for IRQ routing
[    0.352386] NetLabel: Initializing
[    0.353088] NetLabel:  domain hash size = 128
[    0.353974] NetLabel:  protocols = UNLABELED CIPSOv4 CALIPSO
[    0.356024] NetLabel:  unlabeled traffic allowed by default
[    0.364101] clocksource: Switched to clocksource kvm-clock
[    0.376278] VFS: Disk quotas dquot_6.6.0
[    0.392341] VFS: Dquot-cache hash table entries: 512 (order 0, 4096 bytes)
[    0.393720] AppArmor: AppArmor Filesystem Enabled
[    0.394646] pnp: PnP ACPI init
[    0.396221] pnp: PnP ACPI: found 3 devices
[    0.407443] clocksource: acpi_pm: mask: 0xffffff max_cycles: 0xffffff, max_idle_ns2085701024 ns
[    0.463897] NET: Registered protocol family 2

[    0.465314] TCP established hash table entries: 8192 (order: 4, 65536 bytes)
[    0.466440] TCP bind hash table entries: 8192 (order: 5, 131072 bytes)
[    0.473720] TCP: Hash tables configured (established 8192 bind 8192)
[    0.475460] UDP hash table entries: 512 (order: 2, 16384 bytes)
[    0.477093] UDP-Lite hash table entries: 512 (order: 2, 16384 bytes)
[    0.4788] ET Risreproc fily 1
[    0.854511] pcii 0000:00:00.0: Limiting direct PCI/PCI transfers
[    0.860976] pci 0000:00:01.0: Activating ISA DMA hang workarounds
[    0.862152] pci 0000:00:02.0:id dicwi sdoed ROM at [mem 0x000c0000-0x000dffff]
[    1.168523] Unpacking initramfs...
[    1.458432] Freeing initrd memory: 19196K
[    1.464622] clocksource: tsc: mask: 0xffffffffffffffff max_cycles: 0x23fa754787d, max_idle_ns: 440795210092 ns
[    1.466488] platform rtc_cmos: registered platform RTC device (no PNP device found)
[    1.468005] Scanning for low memory corruption every 60 seconds
[    1.469749] Initialise system trusted keyrings
[    1.476959] Key type blacklist registered
[    1.477883] workingset: timestamp_bits=36 max_order=18 bucket_order=0
[    1.479991] zbud: loaded
[    1.490687] squashfs: version 4.0 (2009/01/31) Phillip Lougher
[    1.508298] fuse init (API version 7.26)
[    1.514078] Key type asymmetric registered
[    1.536735] Asymmetric key parser 'x509' registered
[    1.538071] Block layer SCSI generic (bsg) driver version 0.4 loaded (major 246)
[    1.540098] io scheduler noop registered
[    1.541168] io scheduler deadline registered
[    1.556499] io scheduler cfq registered (default)
[    1.577216] ACPI: AC Adapter [AC] (on-line)
[    1.603325] input: Power Button as /devices/LNXSYSTM:00/LNXPWRBN:00/input/input0
[    1.615830] ACPI: Power Button [PWRF]
[    1.617045] input: Sleep Button as /devices/LNXSYSTM:00/LNXSLPBN:00/input/input1
[    1.618817] ACPI: Sleep Button [SLPF]
[    1.620887] ACPI: Battery Slot [BAT0] (battery present)
[    1.641559] Serial: 8250/16550 driver, 32 ports, IRQ sharing enabled
[  1669]0:02: ttyS0 at I/O 0x3f8 (irq = 4, base_baud = 115200) is a 16550A
[    1.864399] Linux agpgart interface v0.103
[    1.872562] loop: module loaded
[    1.874350] scsi host0: ata_piix
[    1.875559] scsi host1: ata_piix
[    1.876466] ata1: PATA max UDMA/33 cmd 0x1f0 ctl 0x3f6 bmdma 0xd000 irq 14
[    1.878059] ata2: PATA max UDMA/33 cmd 0x170 ctl 0x376 bmdma 0xd008 irq 15
[    1.880030] libphy: Fixed MDIO Bus: probed
[    1.882184] tun: Universal TUN/TAP device driver, 1.6
[    1.883785] PPP generic driver version 2.4.2
[    1.884608] ehci_hcd: USB 2.0 'Enhanced' Host Controller (EHCI) Driver
[    1.885585] ehci-pci: EHCI PCI platform driver
[    1.886316] ehci-platform: EHCI generic platform driver
[    1.887232] ohci_hcd: USB 1.1 'Open' Host Controller (OHCI) Driver
[    1.888190] ohci-pci: OHCI PCI platform driver
[    1.888917] ohci-platform: OHCI generic platform driver
[    1.889887] uhci_hcd: USB Universal Host Controller Interface driver
[    1.891224] i8042: PNP: PS/2 Controller [PNP0303:PS2K,PNP0f03:PS2M] at 0x60,0x64 irq 1,12
[    1.899159] serio: i8042 KBD port at 0x60,0x64 irq 1
[    1.900193] serio: i8042 AUX port at 0x60,0x64 irq 12
[    1.901328] mousedev: PS/2 mouse device common for all mice
[    1.903122] input: AT Translated Set 2 keyboard as /devices/platform/i8042/serio0/input/input2
[    1.911066] rtc_cmos rtc_cmos: rtc core: registered rtc_cmos as rtc0
[    1.912116] rtc_cmos rtc_cmos: alarms up to one day, 114 bytes nvram
[    1.913077] i2c /dev entries driver
[    1.913714] device-mapper: uevent: version 1.0.3
[    1.914673] device-mapper: ioctl: 4.37.0-ioctl (2017-09-20) initialised: dm-devel@redhat.com
[    1.916077] ledtrig-cpu: registered to indicate activity on CPUs
[    1.923555] NET: Registered protocol family 10
[    1.929520] Segment Routing with IPv6
[    1.946008] NET: Registered protocol family 17
[    1.946826] Key type dns_resolver registered
[    1.954110] mce: Using 0 MCE banks
[    1.954781] RAS: Correctable Errors collector initialized.
[    1.955670] sched_clock: Marking stable (1954085943, 0)->(2610313225, -656227282)
[    1.957394] registered taskstats version 1
[    1.958328] Loading compiled-in X.509 certificates
[    1.961755] Loaded X.509 cert 'Build time autogenerated kernel key: f4f7241365689b0cbe3898188e65e316fd8f978d'
[    1.963346] zswap: loaded using pool lzo/zbud
[    1.967841] Key type big_key registered
[    1.968584] Key type trusted registered
[    1.970959] Key type encrypted registered
[    1.971850] AppArmor: AppArmor sha1 policy hashing enabled
[    1.976967] ima: No TPM chip found, activating TPM-bypass! (rc=-19)
[    1.978138] ima: Allocated hash algorithm: sha1
[    1.979080] evm: HMAC attrs: 0x1
[    1.980130]   Magic number: 15:861:939
[    1.980962] rtc_cmos rtc_cmos: setting system clock to 2019-12-06 14:56:34 UTC (1575644194)
[    1.988950] BIOS EDD facility v0.16 2004-Jun-25, 0 devices found
[    1.990070] EDD information not available.
[    2.043203] Freeing unused kernel image memory: 2428K
[    2.060292] Write protecting the kernel read-only data: 20480k
[    2.075994] Freeing unused kernel image memory: 2008K
[    2.087520] Freeing unused kernel image memory: 1880K
[    2.140984] x86/mm: Checked W+X mappings: passed, no W+X pages found.
[    2.494034] x86/mm: Checking user space page tables
[    2.504628] x86/mm: Checked W+X mappings: passed, no W+X pages found.
Loading, please wait...
starting version 237
[    2.583118] e1000: Intel(R) PRO/1000 Network Driver - version 7.3.21-k8-NAPI
[    2.584678] e1000: Copyright (c) 1999-2006 Intel Corporation.
[    2.654390] Fusion MPT base driver 3.04.20
[    2.752632] Copyright (c) 1999-2008 LSI Corporation
[    2.769655] AVX2 version of gcm_enc/dec engaged.
[    2.770891] AES CTR mode by8 optimization enabled
[    2.787256] Fusion MPT SPI Host driver 3.04.20
[    2.857636] input: ImExPS/2 Generic Explorer Mouse as /devices/platform/i8042/serio1/input/input4
[    3.112222] e1000 0000:00:03.0 eth0: (PCI:33MHz:32-bit) 02:4f:96:30:ef:2c
[    3.121728] e1000 0000:00:03.0 eth0: Intel(R) PRO/1000 Network Connection
[    3.500225] e1000 0000:00:08.0 eth1: (PCI:33MHz:32-bit) 08:00:27:c5:f8:32
[    3.551517] e1000 0000:00:08.0 eth1: Intel(R) PRO/1000 Network Connection
[    3.553723] mptbase: ioc0: Initiating bringup
[    3.825109] ioc0: LSI53C1030 A0: Capabilities={Initiator}
[    4.452534] scsi host2: ioc0: LSI53C1030 A0, FwRev=00000000h, Ports=1, MaxQ=256, IRQ=20
[    4.836866] scsi 2:0:0:0: Direct-Access     VBOX     HARDDISK         1.0  PQ: 0 ANSI: 5
[    4.884191] scsi target2:0:0: Beginning Domain Validation
[    4.901073] scsi target2:0:0: Domain Validation skipping write tests
[    4.916954] scsi target2:0:0: Ending Domain Validation
[    4.929400] scsi target2:0:0: asynchronous
[    4.941667] scsi 2:0:1:0: Direct-Access     VBOX     HARDDISK         1.0  PQ: 0 ANSI: 5
[    5.247081] scsi target2:0:1: Beginning Domain Validation
[    5.263120] random: fast init done
[    5.263932] scsi target2:0:1: Domain Validation skipping write tests
[    5.265134] scsi target2:0:1: Ending Domain Validation
[    5.266127] scsi target2:0:1: asynchronous
[    5.270976] random: systemd-udevd: uninitialized urandom read (16 bytes read)
[    5.271108] sd 2:0:0:0: Attached scsi generic sg0 type 0
[    5.272417] random: systemd-udevd: uninitialized urandom read (16 bytes read)
[    5.291810] sd 2:0:1:0: Attached scsi generic sg1 type 0
[    5.299646] sd 2:0:0:0: [sda] 20971520 512-byte logical blocks: (10.7 GB/10.0 GiB)
[    5.301018] sd 2:0:1:0: [sdb] 20480 512-byte logical blocks: (10.5 MB/10.0 MiB)
[    5.302296] sd 2:0:0:0: [sda] Write Protect is off
[    5.303108] sd 2:0:1:0: [sdb] Write Protect is off
[    5.303975] sd 2:0:0:0: [sda] Incomplete mode parameter data
[    5.304888] sd 2:0:0:0: [sda] Assuming drive cache: write through
[    5.304935] random: systemd-udevd: uninitialized urandom read (16 bytes read)
[    5.331822] e1000 0000:00:09.0 eth2: (PCI:33MHz:32-bit) 08:00:27:d9:69:e0
[    5.423525] sd 2:0:1:0: [sdb] Incomplete mode parameter data
[    5.519022] e1000 0000:00:09.0 eth2: Intel(R) PRO/1000 Network Connection
[    5.520106] sd 2:0:1:0: [sdb] Assuming drive cache: write through
[    5.523914]  sda: sda1
[    5.526185] sd 2:0:1:0: [sdb] Attached SCSI disk
[    5.544341] sd 2:0:0:0: [sda] Attached SCSI disk
[    5.893307] e1000 0000:00:0a.0 eth3: (PCI:33MHz:32-bit) 08:00:27:bd:40:32
[    5.952346] e1000 0000:00:0a.0 eth3: Intel(R) PRO/1000 Network Connection
[    6.354088] e1000 0000:00:10.0 eth4: (PCI:33MHz:32-bit) 08:00:27:ec:7a:9e
[    6.360807] e1000 0000:00:10.0 eth4: Intel(R) PRO/1000 Network Connection
[    6.385138] e1000 0000:00:09.0 enp0s9: renamed from eth2
[    6.400973] e1000 0000:00:03.0 enp0s3: renamed from eth0
[    6.437488] e1000 0000:00:10.0 enp0s16: renamed from eth4
[    6.468224] e1000 0000:00:0a.0 enp0s10: renamed from eth3
[    6.500504] e1000 0000:00:08.0 enp0s8: renamed from eth1
Begin: Loading essential drivers ... [    8.088100] raid6: sse2x1   gen()  9320 MB/s
[    8.136070] raid6: sse2x1   xor()  7078 MB/s
[    8.192067] raid6: sse2x2   gen() 11723 MB/s
[    8.240086] raid6: sse2x2   xor()  7818 MB/s
[    8.292046] raid6: sse2x4   gen() 13080 MB/s
[    8.352047] raid6: sse2x4   xor()  5612 MB/s
[    8.408029] raid6: avx2x1   gen() 16684 MB/s
[    8.460069] raid6: avx2x1   xor() 13515 MB/s
[    8.508051] raid6: avx2x2   gen() 21861 MB/s
[    8.560089] raid6: avx2x2   xor() 14850 MB/s
[    8.608091] raid6: avx2x4   gen() 23945 MB/s
[    8.664093] raid6: avx2x4   xor() 16438 MB/s
[    8.665016] raid6: using algorithm avx2x4 gen() 23945 MB/s
[    8.666046] raid6: .... xor() 16438 MB/s, rmw enabled
[    8.667024] raid6: using avx2x2 recovery algorithm
[    8.670473] xor: automatically using best checksumming function   avx       
[    8.684752] async_tx: api initialized (async)
done.
Begin: Running /scripts/init-premount ... done.
Begin: Mounting root file system ... Begin: Running /scripts/local-top ... done.
Begin: Running /scripts/local-premount ... [    8.735306] Btrfs loaded, crc32c=crc32c-intel
Scanning for Btrfs filesystems
done.
Warning: fsck not present, so skipping root file system
[    8.773523] EXT4-fs (sda1): mounted filesystem with ordered data mode. Opts: (null)
done.
Begin: Running /scripts/local-bottom ... done.
Begin: Running /scripts/init-bottom ... done.
[    9.015871] ip_tables: (C) 2000-2006 Netfilter Core Team
[    9.139127] systemd[1]: systemd 237 running in system mode. (+PAM +AUDIT +SELINUX +IMA +APPARMOR +SMACK +SYSVINIT +UTMP +LIBCRYPTSETUP +GCRYPT +GNUTLS +ACL +XZ +LZ4 +SECCOMP +BLKID +ELFUTILS +KMOD -IDN2 +IDN -PCRE2 default-hierarchy=hybrid)
[    9.211710] systemd[1]: Detected virtualization oracle.
[    9.213777] systemd[1]: Detected architecture x86-64.

Welcome to [1mUbuntu 18.04.3 LTS[0m!

[    9.220763] systemd[1]: Set hostname to <ubuntu>.
[    9.224338] systemd[1]: Initializing machine ID from random generator.
[    9.225488] systemd[1]: Installed transient /etc/machine-id file.
[    9.491826] systemd[1]: Created slice User and Session Slice.
[[0;32m  OK  [0m] Created slice User and Session Slice.
[    9.582332] systemd[1]: Started Forward Password Requests to Wall Directory Watch.
[[0;32m  OK  [0m] Started Forward Password Requests to Wall Directory Watch.
[    9.662692] systemd[1]: Reached target User and Group Name Lookups.
[[0;32m  OK  [0m] Reached target User and Group Name Lookups.
[    9.664815] systemd[1]: Reached target System Time Synchronized.
[[0;32m  OK  [0m] Reached target System Time Synchronized.
[[0;32m  OK  [0m] Created slice System Slice.
[[0;32m  OK  [0m] Listening on udev Control Socket.
[[0;32m  OK  [0m] Listening on LVM2 poll daemon socket.
[[0;32m  OK  [0m] Reached target Slices.
[[0;32m  OK  [0m] Listening on Network Service Netlink Socket.
[[0;32m  OK  [0m] Listening on Journal Socket.
         Starting Uncomplicated firewall...
         Starting Create list of required stâ€¦ce nodes for the current kernel...
         Mounting Huge Pages File System...
[[0;32m  OK  [0m] Listening on Journal Audit Socket.
[[0;32m  OK  [0m] Listening on Syslog Socket.
[[0;32m  OK  [0m] Listening on Device-mapper event daemon FIFOs.
         Mounting POSIX Message Queue File System...
         Starting Load Kernel Modules...
[[0;32m  OK  [0[    9.807543] Loading iSCSI transport class v2.0-870.
m] Listening on Journal Socket (/dev/log).
         Startin[    9.824570] iscsi: registered transport (tcp)
g Set the console keyboard layout...
         Starting Remount Root and Kernel File Systems...
         Starting Journal Service...
[[0;32m  OK  [[    9.871946] iscsi: registered transport (iser)
0m] Listening on LVM2 metadata daemon socket.
         Starting Monitoring of LVM2 mirrorsâ€¦ng dmeventd or progress polling...
[[0;32m  OK  [0m] Created slice system-serial\x2dgetty.slice.
[[0;32m  OK  [0m] Reached target Swap.
[[0;32m  OK  [0m] Set up automount Arbitrary Executabâ€¦rmats File System Automount Point.
[    9.960769] EXT4-fs (sda1): re-mounted. Opts: (null)
[[0;32m  OK  [0m] Listening on /dev/initctl Compatibility Named Pipe.
         Mounting Kernel Debug File System...
[[0;32m  OK  [0m] Listening on udev Kernel Socket.
         Starting udev Coldplug all Devices...
[[0;32m  OK  [0m] Started Journal Service.
[[0;32m  OK  [0m] Started Uncomplicated firewall.
[[0;32m  OK  [0m] Started Create list of required staâ€¦vice nodes for the current kernel.
[[0;32m  OK  [0m] Mounted Huge Pages File System.
[[0;32m  OK  [0m] Mounted POSIX Message Queue File System.
[[0;32m  OK  [0m] Started Load Kernel Modules.
[[0;32m  OK  [0m] Started Remount Root and Kernel File Systems.
[[0;32m  OK  [0m] Mounted Kernel Debug File System.
[[0;32m  OK  [0m] Started LVM2 metadata daemon.
         Starting Load/Save Random Seed...
         Mounting FUSE Control File System...
         Mounting Kernel Configuration File System...
         Starting Apply Kernel Variables...
         Starting Create Static Device Nodes in /dev...
         Starting Flush Journal to Persistent Storage...
[[0;32m  OK  [0m] Started Monitoring of LVM2 mirrors,â€¦sing dmeventd or progress polling.
[[0;32m  OK  [0m] Started udev Coldplug all Devices.
[[0;32m  OK  [0m] Started Load/Save Random Seed.
[[0;32m  OK  [0m] Mounted FUSE Control File System.
[[0;32m  OK  [0m] Mounted Kernel Configuration File System.
[[0;32m  OK  [0m] Started Apply Kernel Variables.
[[0;32m  OK  [0m] Started Create Static Device Nodes in /dev.
         Starting udev Kernel Device Manager...
[[0;32m  OK  [0m] Started udev Kernel Device Manager.
[[0;32m  OK  [0m] Started Flush Journal to Persistent Storage.
[[0;32m  OK  [0m] Found device /dev/ttyS0.
[[0;32m  OK  [0m] Listening on Load/Save RF Kill Switch Status /dev/rfkill Watch.
[[0;32m  OK  [0m] Started Set the console keyboard layout.
[[0;32m  OK  [0m] Reached target Local File Systems (Pre).
[[0;32m  OK  [0m] Reached target Local File Systems.
         Starting ebtables ruleset management...
         Starting AppArmor initialization...
         Starting Create Volatile Files and Directories...
         Starting Set console font and keymap...
         Starting Commit a transient machine-id on disk...
         Starting Tell Plymouth To Write Out Runtime Data...
[[0;32m  OK  [0m] Started Dispatch Password Requests to Console Directory Watch.
[[0;32m  OK  [0m] Reached target Local Encrypted Volumes.
[[0;32m  OK  [0m] Started Create Volatile Files and Directories.
[[0;32m  OK  [0m] Started Set console font and keymap.
[[0;32m  OK  [0m] Started Commit a transient machine-id on disk.
[[0;32m  OK  [0m] Started Tell Plymouth To Write Out Runtime Data.
         Starting Update UTMP about System Boot/Shutdown...
[[0;32m  OK  [0m] Started ebtables ruleset management.
[[0;32m  OK  [0m] Started Update UTMP about System Boot/Shutdown.
[[0;32m  OK  [0m] Started AppArmor initialization.
         Starting Initial cloud-init job (pre-networking)...
[   13.322521] cloud-init[660]: Cloud-init v. 19.2-36-g059d049c-0ubuntu2~18.04.1 running 'init-local' at Fri, 06 Dec 2019 14:56:45 +0000. Up 12.92 seconds.
[[0;32m  OK  [0m] Started Initial cloud-init job (pre-networking).
[[0;32m  OK  [0m] Reached target Network (Pre).
         Starting Network Service...
[[0;32m  OK  [0m] Started Network Service.
         Starting Wait for Network to be Configured...
         Starting Network Name Resolution...
[[0;32m  OK  [0m] Started Network Name Resolution.
[[0;32m  OK  [0m] Reached target Network.
[[0;32m  OK  [0m] Reached target Host and Network Name Lookups.
[[0;32m  OK  [0m] Started Wait for Network to be Configured.
         Starting Initial cloud-init job (metadata service crawler)...
[   15.871610] cloud-init[775]: Cloud-init v. 19.2-36-g059d049c-0ubuntu2~18.04.1 running 'init' at Fri, 06 Dec 2019 14:56:48 +0000. Up 15.72 seconds.
[   15.888300] cloud-init[775]: ci-info: +++++++++++++++++++++++++++++++++++++++Net device info+++++++++++++++++++++++++++++++++++++++
[   15.892203] cloud-init[775]: ci-info: +---------+-------+----------------------------+---------------+--------+-------------------+
[   15.899058] cloud-init[775]: ci-info: |  Device |   Up  |          Address           |      Mask     | Scope  |     Hw-Address    |
[   15.925831] cloud-init[775]: ci-info: +---------+-------+----------------------------+---------------+--------+-------------------+
[   15.927767] cloud-init[775]: ci-info: | enp0s10 | False |             .              |       .       |   .    | 08:00:27:bd:40:32 |
[   15.945075] cloud-init[775]: ci-info: | enp0s16 | False |             .              |       .       |   .    | 08:00:27:ec:7a:9e |
[   15.948160] cloud-init[775]: ci-info: |  enp0s3 |  True |         10.0.2.15          | 255.255.255.0 | global | 02:4f:96:30:ef:2c |
[   15.972965] cloud-init[775]: ci-info: |  enp0s3 |  True | fe80::4f:96ff:fe30:ef2c/64 |       .       |  link  | 02:4f:96:30:ef:2c |
[   16.028454] cloud-init[775]: ci-info: |  enp0s8 | False |             .              |       .       |   .    | 08:00:27:c5:f8:32 |
[   16.048955] cloud-init[775]: ci-info: |  enp0s9 | False |             .              |       .       |   .    | 08:00:27:d9:69:e0 |
[   16.064303] cloud-init[775]: ci-info: |    lo   |  True |         127.0.0.1          |   255.0.0.0   |  host  |         .         |
[   16.066231] cloud-init[775]: ci-info: |    lo   |  True |          ::1/128           |       .       |  host  |         .         |
[   16.080688] cloud-init[775]: ci-info: +---------+-------+----------------------------+---------------+--------+-------------------+
[   16.100348] cloud-init[775]: ci-info: ++++++++++++++++++++++++++++Route IPv4 info+++++++++++++++++++++++++++++
[   16.101960] cloud-init[775]: ci-info: +-------+-------------+----------+-----------------+-----------+-------+
[   16.114318] cloud-init[775]: ci-info: | Route | Destination | Gateway  |     Genmask     | Interface | Flags |
[   16.122168] cloud-init[775]: ci-info: +-------+-------------+----------+-----------------+-----------+-------+
[   16.144020] cloud-init[775]: ci-info: |   0   |   0.0.0.0   | 10.0.2.2 |     0.0.0.0     |   enp0s3  |   UG  |
[   16.172687] cloud-init[775]: ci-info: |   1   |   10.0.2.0  | 0.0.0.0  |  255.255.255.0  |   enp0s3  |   U   |
[   16.175304] cloud-init[775]: ci-info: |   2   |   10.0.2.2  | 0.0.0.0  | 255.255.255.255 |   enp0s3  |   UH  |
[   16.209901] cloud-init[775]: ci-info: +-------+-------------+----------+-----------------+-----------+-------+
[   16.239221] cloud-init[775]: ci-info: +++++++++++++++++++Route IPv6 info+++++++++++++++++++
[   16.304299] cloud-init[775]: ci-info: +-------+-------------+---------+-----------+-------+
[   16.331601] cloud-init[775]: ci-info: | Route | Destination | Gateway | Interface | Flags |
[   16.339844] cloud-init[775]: ci-info: +-------+-------------+---------+-----------+-------+
[   16.350226] cloud-init[775]: ci-info: |   1   |  fe80::/64  |    ::   |   enp0s3  |   U   |
[   16.351824] cloud-init[775]: ci-info: |   3   |    local    |    ::   |   enp0s3  |   U   |
[   16.353421] cloud-init[775]: ci-info: |   4   |   ff00::/8  |    ::   |   enp0s3  |   U   |
[   16.355145] cloud-init[775]: ci-info: +-------+-------------+---------+-----------+-------+
[   17.129682] cloud-init[775]: Generating public/private rsa key pair.
[   17.144795] cloud-init[775]: Your identification has been saved in /etc/ssh/ssh_host_rsa_key.
[   17.169345] cloud-init[775]: Your public key has been saved in /etc/ssh/ssh_host_rsa_key.pub.
[[0;32m  OK  [0m] Started Initial cloud-init job (metadata service crawler).
[[0;32m  OK  [0m] Reached target Network is Online.
[   17.210971] cloud-init[775]: The key fingerprint is:
[[0;32m  OK  [0m[   17.248203] cloud-init[775]: SHA256:o8ef5AE+Mzr3ciY03dqQXm/VJC/JkdWb85qeLgiMmMA root@ubuntu-bionic
] [   17.250241] cloud-init[775]: The key's randomart image is:
Reached target Remote File Systems (Pre).[   17.251475] cloud-init[775]: +---[RSA 2048]----+

[   17.252736] cloud-init[775]: |                .|
[   17.256630] cloud-init[775]: |                o|
[   17.256949] cloud-init[775]: | .             oo|
[   17.257331] cloud-init[775]: |  E           ++.|
[   17.257704] cloud-init[775]: |   . o oS. o . *+|
[   17.258087] cloud-init[775]: |    o .+=o+ o + =|
[   17.258477] cloud-init[775]: |      ..B+o* . = |
[   17.258919] cloud-init[775]: |      .o+B*oo =. |
[   17.259301] cloud-init[775]: |      .o *=  =+  |
[   17.259678] cloud-init[775]: +----[SHA256]-----+
[   17.260101] cloud-init[775]: Generating public/private dsa key pair.
[   17.260466] cloud-init[775]: Your identification has been saved in /etc/ssh/ssh_host_dsa_key.
[   17.260839] cloud-init[775]: Your public key has been saved in /etc/ssh/ssh_host_dsa_key.pub.
[   17.261215] cloud-init[775]: The key fingerprint is:
[   17.261600] cloud-init[775]: SHA256:d14GN3xqplW/ER2DKBfvWKm0czv7IcKhy0AVEMC7ShA root@ubuntu-bionic
[[0;32m  OK  [0m] Reached target Remote File Systems.
[   17.261992] cloud-init[775]: The key's randomart image is:
         Starting Availability of block devices...
[   17.391933] [[0;32m  OK  [0m] Reached target System Initialization.
cloud-init[775]: +---[DSA 1024]----+
[[0;32m  OK  [0m[   17.400180] cloud-init[775]: |    ...oo. .o .o |
[   17.400675] cloud-init[775]: | E   .   ..o.o. +|
[   17.401039] cloud-init[775]: |  .   .  .o..++.+|
[   17.401401] cloud-init[775]: | .   .  . . *o =o|
[   17.401781] cloud-init[775]: |  .   ..S .*.oB..|
[   17.402147] cloud-init[775]: |   . ..  .oo+B. o|
] Listening on Open-iSCSI iscsid Socket.
[   17.402316] cloud-init[775]: |  . .  . . oo+ o |
[   17.433418] cloud-init[775]: |   .    o . . + .|
[   17.434208] cloud-init[775]: |         o   ... |
[[   17.435001] cloud-init[775]: +----[SHA256]-----+
[   17.435141] cloud-init[775]: Generating public/private ecdsa key pair.
[   17.435326] cloud-init[775]: Your identification has been saved in /etc/ssh/ssh_host_ecdsa_key.
[   17.435517] cloud-init[775]: Your public key has been saved in /etc/ssh/ssh_host_ecdsa_key.pub.
[   17.435702] cloud-init[775]: The key fingerprint is:
[   17.435885] cloud-init[775]: SHA256:XUt9589sCK5lOGdwvuPRyfw2xIwFXshkhgGWk/bQTmI root@ubuntu-bionic
[0;32m  OK  [0m] Started Daily apt download activities.
[   17.436103] cloud-init[775]: The key's randomart image is:
[[   17.560860] cloud-init[775]: +---[ECDSA 256]---+
[   17.561053] cloud-init[775]: |         o=.=+.  |
[   17.561407] cloud-init[775]: |        .E +o= . |
[   17.561793] cloud-init[775]: |        o B + + o|
[   17.562179] cloud-init[775]: |         . = o +.|
[   17.562591] cloud-init[775]: |        S o + = .|
[   17.563034] cloud-init[775]: |           * * O.|
[   17.563406] cloud-init[775]: |          o O B =|
[   17.563796] cloud-init[775]: |           B.o +.|
[   17.564411] cloud-init[775]: |          ..o. .o|
[   17.564758] cloud-init[775]: +----[SHA256]-----+
[   17.565082] cloud-init[775]: Generating public/private ed25519 key pair.
[   17.565413] cloud-init[775]: Your identification has been saved in /etc/ssh/ssh_host_ed25519_key.
[   17.565743] cloud-init[775]: Your public key has been saved in /etc/ssh/ssh_host_ed25519_key.pub.
[   17.566078] cloud-init[775]: The key fingerprint is:
[   17.566405] cloud-init[775]: SHA256:vNu2fVrkbIgeejVH3qntgRqnwS54F8v23GvScSEMIbI root@ubuntu-bionic
[   17.566980] cloud-init[775]: The key's randomart image is:
[   17.567301] cloud-init[775]: +--[ED25519 256]--+
[   17.567656] cloud-init[775]: |       . . ..    |
[   17.567985] cloud-init[775]: |        o ..     |
[0;32m  OK  [0m] Started Discard unused blocks once a week.
[   17.568441] cloud-init[775]: |       E    o    |
[[0;32m  OK  [0m[   17.588751] cloud-init[775]: |       .     o.. |
[   17.589316] cloud-init[775]: |        S    oo.o|
[   17.589682] cloud-init[775]: |         ..oo=+oo|
[   17.590047] cloud-init[775]: |        o +=+=O.o|
] Started Message of the Day.
[   17.590427] cloud-init[775]: |       . B+BB=o+.|
[[0;32m  OK  [0m[   17.594274] cloud-init[775]: |        +oB=+=++.|
[   17.594813] cloud-init[775]: +----[SHA256]-----+
] Listening on UUID daemon activation socket.
         Starting LXD - unix socket.
[[0;32m  OK  [0m] Started Daily apt upgrade and clean activities.
[[0;32m  OK  [0m] Listening on D-Bus System Message Bus Socket.
[[0;32m  OK  [0m] Started ACPI Events Check.
[[0;32m  OK  [0m] Started Daily Cleanup of Temporary Directories.
[[0;32m  OK  [0m] Listening on ACPID Listen Socket.
[[0;32m  OK  [0m] Reached target Paths.
         Starting Socket activation for snappy daemon.
[[0;32m  OK  [0m] Reached target Timers.
[[0;32m  OK  [0m] Reached target Cloud-config availability.
[[0;32m  OK  [0m] Started Availability of block devices.
[[0;32m  OK  [0m] Listening on LXD - unix socket.
[[0;32m  OK  [0m] Listening on Socket activation for snappy daemon.
[[0;32m  OK  [0m] Reached target Sockets.
[[0;32m  OK  [0m] Reached target Basic System.
         Starting Permit User Sessions...
[[0;32m  OK  [0m] Started FUSE filesystem for LXC.
         Starting Dispatcher daemon for systemd-networkd...
         Starting LSB: Record successful boot for GRUB...
         Starting Accounts Service...
[[0;32m  OK  [0m] Started irqbalance daemon.
         Starting Pollinate to seed the pseudo random number generator...
         Starting System Logging Service...
         Starting Login Service...
[[0;32m  OK  [0m] Started Regular background program processing daemon.
         Starting Virtualbox guest utils...
         Starting LSB: automatic crash report generation...
[[0;32m  OK  [0m] Started Deferred execution scheduler.
[[0;32m  OK  [0m] Started D-Bus System Message Bus.
[[0;32m  OK  [0m] Started Login Service.
[[0;32m  OK  [0m] Started Unattended Upgrades Shutdown.
         Starting LXD - container startup/shutdown...
         Starting Snappy daemon...
[[0;32m  OK  [0m] Started System Logging Service.
[[0;32m  OK  [0m] Started Dispatcher daemon for systemd-networkd.
[[0;32m  OK  [0m] Started Permit User Sessions.
         Starting Authorization Manager...
         Starting Terminate Plymouth Boot Screen...
         Starting Hold until boot process finishes up...
[[0;32m  OK  [0m] Started Terminate Plymouth Boot Screen.
[[0;32m  OK  [0m] Started Hold until boot process finishes up.
         Starting Set console scheme...
[[0;32m  OK  [0m] Started Serial Getty on ttyS0.
[[0;32m  OK  [0m] Started LSB: automatic crash report generation.
[[0;32m  OK  [0m] Started Set console scheme.
[[0;32m  OK  [0m] Started LSB: Record successful boot for GRUB.
[[0;32m  OK  [0m] Started LXD - container startup/shutdown.
[[0;32m  OK  [0m] Started Authorization Manager.
[[0;32m  OK  [0m] Started Virtualbox guest utils.
[[0;32m  OK  [0m] Started Accounts Service.
[[0;32m  OK  [0m] Created slice system-getty.slice.
[[0;32m  OK  [0m] Started Getty on tty1.
[[0;32m  OK  [0m] Reached target Login Prompts.
[[0;32m  OK  [0m] Started Pollinate to seed the pseudo random number generator.
         Starting OpenBSD Secure Shell server...
[[0;32m  OK  [0m] Started OpenBSD Secure Shell server.
[[0;32m  OK  [0m] Started Snappy daemon.
         Starting Wait until snapd is fully seeded...
[[0;32m  OK  [0m] Created slice User Slice of vagrant.
         Starting User Manager for UID 1000...
[[0;32m  OK  [0m] Started Session 1 of user vagrant.
[[0;32m  OK  [0m] Started User Manager for UID 1000.
[[0;32m  OK  [0m] Started Wait until snapd is fully seeded.
[[0;32m  OK  [0m] Reached target Multi-User System.
[[0;32m  OK  [0m] Reached target Graphical Interface.
         Starting Update UTMP about System Runlevel Changes...
         Starting Apply the settings specified in cloud-config...
[[0;32m  OK  [0m] Started Update UTMP about System Runlevel Changes.
[   21.305288] cloud-init[1418]: Cloud-init v. 19.2-36-g059d049c-0ubuntu2~18.04.1 running 'modules:config' at Fri, 06 Dec 2019 14:56:53 +0000. Up 20.75 seconds.
[[0;32m  OK  [0m] Started Apply the settings specified in cloud-config.
         Starting Execute cloud user/final scripts...
ci-info: no authorized ssh keys fingerprints found for user ubuntu.
<14>Dec  6 14:56:54 ec2: 
<14>Dec  6 14:56:54 ec2: #############################################################
<14>Dec  6 14:56:54 ec2: -----BEGIN SSH HOST KEY FINGERPRINTS-----
<14>Dec  6 14:56:54 ec2: 1024 SHA256:d14GN3xqplW/ER2DKBfvWKm0czv7IcKhy0AVEMC7ShA root@ubuntu-bionic (DSA)
<14>Dec  6 14:56:54 ec2: 256 SHA256:XUt9589sCK5lOGdwvuPRyfw2xIwFXshkhgGWk/bQTmI root@ubuntu-bionic (ECDSA)
<14>Dec  6 14:56:54 ec2: 256 SHA256:vNu2fVrkbIgeejVH3qntgRqnwS54F8v23GvScSEMIbI root@ubuntu-bionic (ED25519)
<14>Dec  6 14:56:54 ec2: 2048 SHA256:o8ef5AE+Mzr3ciY03dqQXm/VJC/JkdWb85qeLgiMmMA root@ubuntu-bionic (RSA)
<14>Dec  6 14:56:54 ec2: -----END SSH HOST KEY FINGERPRINTS-----
<14>Dec  6 14:56:54 ec2: #############################################################
-----BEGIN SSH HOST KEY KEYS-----
ecdsa-sha2-nistp256 AAAAE2VjZHNhLXNoYTItbmlzdHAyNTYAAAAIbmlzdHAyNTYAAABBBBbo5JBs30YHJpWyBu5NDMmeauEBpvOrDGRwfdNwboKZJKjcT4aiQOsFcsAXs3+AKwjjMxfDrrpvFG+vcdTDBl0= root@ubuntu-bionic
ssh-ed25519 AAAAC3NzaC1lZDI1NTE5AAAAINLCOpLZOyok+GHVlEx0x0gH5OtLRNHmrr7py0HGrIAg root@ubuntu-bionic
ssh-rsa AAAAB3NzaC1yc2EAAAADAQABAAABAQDSE/n3TEecynNd+QFoIyve0s6NSkB/iADXwzlYylSnJX3pOiNMKEIRXEY/gE0y3Sp5Isem4G7kBlQVV3RwEAheq1WtBQWlKGU8YLc3+6/8VrPajctWdRQlnjVtByYMR8ycGzJLaafTgzlQCS4dz5k6iPDQ+xlG7+I6eLin8qNR1ALNLqX2bRB/4jg4C9gycKf1BLXlDNsCwMyZWiCLHN6H6FWYt3Eoy55BbcVYiuh9iEguKLje+8xgsmSVFsxdVYrmOi6KKIn5YAkXyrhfV9VHQsRPEzzYF+Tqr6kbUiMJ8jRQ8nHEpt6bjtDlEc3NOysOd8Ufz/PrygFNmQXkysoB root@ubuntu-bionic
-----END SSH HOST KEY KEYS-----
[   22.213626] cloud-init[1547]: Cloud-init v. 19.2-36-g059d049c-0ubuntu2~18.04.1 running 'modules:final' at Fri, 06 Dec 2019 14:56:54 +0000. Up 21.91 seconds.
[[0;32m  OK  [0m] Started Execute cloud user/final scripts.
[   22.340881] cloud-init[1547]: ci-info: no authorized ssh keys fingerprints found for user ubuntu.
[   22.421021] cloud-init[1547]: Cloud-init v. 19.2-36-g059d049c-0ubuntu2~18.04.1 finished at Fri, 06 Dec 2019 14:56:54 +0000. Datasource DataSourceNoCloud [seed=/dev/sdb][dsmode=net].  Up 22.20 seconds

Ubuntu 18.04.3 LTS ubuntu-bionic ttyS0

ubuntu-bionic login: [[0;32m  OK  [0m] Stopped target Host and Network Name Lookups.
[[0;32m           Stopping Getty on tty1...
[[0;32m  OK  [0m] Stopped target Network is Online.
[[0;32m  OK  [0m] Stopped target Cloud-config availability.
         Stopping Availability of block devices...
         Stopping D-Bus System Message Bus...
         Stopping Deferred execution scheduler...
[[0;32m  OK  [0m] Stopped target System Time Synchronized.
[[0;32m  OK  [0m] Unmounted /var/lib/lxcfs.
[[0;32m  OK  [0m] Stopped Dispatcher daemon for systemd-networkd.
[[0;32m  OK  [0m] Stopped Accounts Service.
[[0;32m  OK  [0m] Stopped irqbalance daemon.
[[0;32m  OK  [0m] Stopped System Logging Service.
[[0;32m  OK  [0m] Stopped Regular background program processing daemon.
[[0;32m  OK  [0m] Stopped Deferred execution scheduler.
[[0;32m  OK  [0m] Stopped Unattended Upgrades Shutdown.
[[0;32m  OK  [0m] Stopped Authorization Manager.
[[0;32m  OK  [0m] Stopped Serial Getty on ttyS0.
[[0;32m  OK  [0m] Stopped Getty on tty1.
[[0;32m  OK  [0m] Stopped OpenBSD Secure Shell server.
[[0;32m  OK  [0m] Stopped User Manager for UID 1000.
[[0;32m  OK  [0m] Stopped Availability of block devices.
[[0;32m  OK  [0m] Stopped D-Bus System Message Bus.
[[0;32m  OK  [0m] Stopped FUSE filesystem for LXC.
[[0;32m  OK  [0m] Stopped Session 5 of user vagrant.
[[0;32m  OK  [0m] Removed slice User Slice of vagrant.
[[0;32m  OK  [0m] Removed slice system-getty.slice.
         Stopping Permit User Sessions...
[[0;32m  OK  [0m] Removed slice system-serial\x2dgetty.slice.
         Stopping Login Service...
[[0;32m  OK  [0m] Stopped LSB: automatic crash report generation.
[[0;32m  OK  [0m] Stopped LXD - container startup/shutdown.
[[0;32m  OK  [0m] Stopped Permit User Sessions.
[[0;32m  OK  [0m] Stopped target Network.
         Stopping Network Name Resolution...
[[0;32m  OK  [0m] Stopped target Remote File Systems.
[[0;32m  OK  [0m] Stopped target Remote File Systems (Pre).
[[0;32m  OK  [0m] Stopped LSB: Record successful boot for GRUB.
[[0;32m  OK  [0m] Stopped Network Name Resolution.
[[0;32m  OK  [0m] Stopped Login Service.
[[0;32m  OK  [0m] Stopped Virtualbox guest utils.
[[0;32m  OK  [0m] Stopped target User and Group Name Lookups.
[[0;32m  OK  [0m] Stopped target Basic System.
[[0;32m  OK  [0m] Stopped target Paths.
[[0;32m  OK  [0m] Stopped ACPI Events Check.
[[0;32m  OK  [0m] Stopped target Slices.
[[0;32m  OK  [0m] Removed slice User and Session Slice.
[[0;32m  OK  [0m] Stopped target Sockets.
[[0;32m  OK  [0m] Closed Syslog Socket.
[[0;32m  OK  [0m] Closed LXD - unix socket.
[[0;32m  OK  [0m] Closed ACPID Listen Socket.
[[0;32m  OK  [0m] Closed Open-iSCSI iscsid Socket.
[[0;32m  OK  [0m] Closed Socket activation for snappy daemon.
[[0;32m  OK  [0m] Closed UUID daemon activation socket.
[[0;32m  OK  [0m] Closed D-Bus System Message Bus Socket.
[[0;32m  OK  [0m] Stopped target System Initialization.
[[0;32m  OK  [0m] Stopped target Local Encrypted Volumes.
[[0;32m  OK  [0m] Stopped Dispatch Password Requests to Console Directory Watch.
[[0;32m  OK  [0m] Stopped Forward Password Requests to Wall Directory Watch.
[[0;32m  OK  [0m] Stopped Commit a transient machine-id on disk.
         Stopping Update UTMP about System Boot/Shutdown...
         Stopping Load/Save Random Seed...
[[0;32m  OK  [0m] Stopped Initial cloud-init job (metadata service crawler).
[[0;32m  OK  [0m] Stopped Wait for Network to be Configured.
         Stopping Network Service...
[[0;32m  OK  [0m] Stopped Load/Save Random Seed.
[[0;32m  OK  [0m] Stopped Update UTMP about System Boot/Shutdown.
[[0;32m  OK  [0m] Stopped Create Volatile Files and Directories.
[[0;32m  OK  [0m] Stopped target Local File Systems.
         Unmounting /run/user/1000...
[[0;32m  OK  [0m] Stopped Network Service.
[[0;32m  OK  [0m] Unmounted /run/user/1000.
[[0;32m  OK  [0m] Reached target Unmount All Filesystems.
[[0;32m  OK  [0m] Stopped target Local File Systems (Pre).
         Stopping Monitoring of LVM2 mirrorsâ€¦ng dmeventd or progress polling...
[[0;32m  OK  [0m] Stopped Create Static Device Nodes in /dev.
[[0;32m  OK  [0m] Stopped target Swap.
[[0;32m  OK  [0m] Stopped target Network (Pre).
[[0;32m  OK  [0m] Stopped Initial cloud-init job (pre-networking).
[[0;32m  OK  [0m] Stopped Remount Root and Kernel File Systems.
[[0;32m  OK  [0m] Stopped Apply Kernel Variables.
[[0;32m  OK  [0m] Stopped Load Kernel Modules.
[[0;32m  OK  [0m] Reached target Shutdown.
[[0;32m  OK  [0m] Reached target Final Step.
         Starting Power-Off...
[[0;32m  OK  [0m] Stopped Monitoring of LVM2 mirrors,â€¦sing dmeventd or progress polling.
         Stopping LVM2 metadata daemon...
[[0;32m  OK  [0m] Stopped LVM2 metadata daemon.
[   51.587187] reboot: Power down
